Component: ARM Compiler 5.06 update 4 (build 422) Tool: armlink [4d35d2]

==============================================================================

Section Cross References

    startup_stm32f030xc.o(RESET) refers to startup_stm32f030xc.o(STACK) for __initial_sp
    startup_stm32f030xc.o(RESET) refers to startup_stm32f030xc.o(.text) for Reset_Handler
    startup_stm32f030xc.o(RESET) refers to stm32f0xx_it.o(i.NMI_Handler) for NMI_Handler
    startup_stm32f030xc.o(RESET) refers to stm32f0xx_it.o(i.HardFault_Handler) for HardFault_Handler
    startup_stm32f030xc.o(RESET) refers to stm32f0xx_it.o(i.SVC_Handler) for SVC_Handler
    startup_stm32f030xc.o(RESET) refers to stm32f0xx_it.o(i.PendSV_Handler) for PendSV_Handler
    startup_stm32f030xc.o(RESET) refers to stm32f0xx_it.o(i.SysTick_Handler) for SysTick_Handler
    startup_stm32f030xc.o(RESET) refers to stm32f0xx_it.o(i.DMA1_Channel1_IRQHandler) for DMA1_Channel1_IRQHandler
    startup_stm32f030xc.o(RESET) refers to stm32f0xx_it.o(i.DMA1_Channel2_3_IRQHandler) for DMA1_Channel2_3_IRQHandler
    startup_stm32f030xc.o(RESET) refers to stm32f0xx_it.o(i.DMA1_Channel4_5_IRQHandler) for DMA1_Channel4_5_IRQHandler
    startup_stm32f030xc.o(.text) refers to system_stm32f0xx.o(i.SystemInit) for SystemInit
    startup_stm32f030xc.o(.text) refers to entry.o(.ARM.Collect$$$$00000000) for __main
    stm32f0xx_hal_tim.o(i.HAL_TIM_Base_DeInit) refers to stm32f0xx_hal_msp.o(i.HAL_TIM_Base_MspDeInit) for HAL_TIM_Base_MspDeInit
    stm32f0xx_hal_tim.o(i.HAL_TIM_Base_Init) refers to stm32f0xx_hal_msp.o(i.HAL_TIM_Base_MspInit) for HAL_TIM_Base_MspInit
    stm32f0xx_hal_tim.o(i.HAL_TIM_Base_Init) refers to stm32f0xx_hal_tim.o(i.TIM_Base_SetConfig) for TIM_Base_SetConfig
    stm32f0xx_hal_tim.o(i.HAL_TIM_Base_Start_DMA) refers to stm32f0xx_hal_dma.o(i.HAL_DMA_Start_IT) for HAL_DMA_Start_IT
    stm32f0xx_hal_tim.o(i.HAL_TIM_Base_Start_DMA) refers to stm32f0xx_hal_tim.o(i.TIM_DMAPeriodElapsedCplt) for TIM_DMAPeriodElapsedCplt
    stm32f0xx_hal_tim.o(i.HAL_TIM_Base_Start_DMA) refers to stm32f0xx_hal_tim.o(i.TIM_DMAError) for TIM_DMAError
    stm32f0xx_hal_tim.o(i.HAL_TIM_ConfigClockSource) refers to stm32f0xx_hal_tim.o(i.TIM_ETR_SetConfig) for TIM_ETR_SetConfig
    stm32f0xx_hal_tim.o(i.HAL_TIM_ConfigClockSource) refers to stm32f0xx_hal_tim.o(i.TIM_TI1_ConfigInputStage) for TIM_TI1_ConfigInputStage
    stm32f0xx_hal_tim.o(i.HAL_TIM_ConfigClockSource) refers to stm32f0xx_hal_tim.o(i.TIM_TI2_ConfigInputStage) for TIM_TI2_ConfigInputStage
    stm32f0xx_hal_tim.o(i.HAL_TIM_ConfigClockSource) refers to stm32f0xx_hal_tim.o(i.TIM_ITRx_SetConfig) for TIM_ITRx_SetConfig
    stm32f0xx_hal_tim.o(i.HAL_TIM_ConfigOCrefClear) refers to stm32f0xx_hal_tim.o(i.TIM_ETR_SetConfig) for TIM_ETR_SetConfig
    stm32f0xx_hal_tim.o(i.HAL_TIM_DMABurst_MultiReadStart) refers to stm32f0xx_hal_dma.o(i.HAL_DMA_Start_IT) for HAL_DMA_Start_IT
    stm32f0xx_hal_tim.o(i.HAL_TIM_DMABurst_MultiReadStart) refers to stm32f0xx_hal_tim.o(i.TIM_DMAError) for TIM_DMAError
    stm32f0xx_hal_tim.o(i.HAL_TIM_DMABurst_MultiReadStart) refers to stm32f0xx_hal_tim.o(i.TIM_DMACaptureCplt) for TIM_DMACaptureCplt
    stm32f0xx_hal_tim.o(i.HAL_TIM_DMABurst_MultiReadStart) refers to stm32f0xx_hal_tim.o(i.TIM_DMATriggerCplt) for TIM_DMATriggerCplt
    stm32f0xx_hal_tim.o(i.HAL_TIM_DMABurst_MultiReadStart) refers to stm32f0xx_hal_tim.o(i.TIM_DMAPeriodElapsedCplt) for TIM_DMAPeriodElapsedCplt
    stm32f0xx_hal_tim.o(i.HAL_TIM_DMABurst_MultiReadStart) refers to stm32f0xx_hal_tim_ex.o(i.TIMEx_DMACommutationCplt) for TIMEx_DMACommutationCplt
    stm32f0xx_hal_tim.o(i.HAL_TIM_DMABurst_MultiWriteStart) refers to stm32f0xx_hal_dma.o(i.HAL_DMA_Start_IT) for HAL_DMA_Start_IT
    stm32f0xx_hal_tim.o(i.HAL_TIM_DMABurst_MultiWriteStart) refers to stm32f0xx_hal_tim.o(i.TIM_DMAError) for TIM_DMAError
    stm32f0xx_hal_tim.o(i.HAL_TIM_DMABurst_MultiWriteStart) refers to stm32f0xx_hal_tim.o(i.TIM_DMADelayPulseCplt) for TIM_DMADelayPulseCplt
    stm32f0xx_hal_tim.o(i.HAL_TIM_DMABurst_MultiWriteStart) refers to stm32f0xx_hal_tim.o(i.TIM_DMATriggerCplt) for TIM_DMATriggerCplt
    stm32f0xx_hal_tim.o(i.HAL_TIM_DMABurst_MultiWriteStart) refers to stm32f0xx_hal_tim.o(i.TIM_DMAPeriodElapsedCplt) for TIM_DMAPeriodElapsedCplt
    stm32f0xx_hal_tim.o(i.HAL_TIM_DMABurst_MultiWriteStart) refers to stm32f0xx_hal_tim_ex.o(i.TIMEx_DMACommutationCplt) for TIMEx_DMACommutationCplt
    stm32f0xx_hal_tim.o(i.HAL_TIM_DMABurst_ReadStart) refers to stm32f0xx_hal_tim.o(i.HAL_TIM_DMABurst_MultiReadStart) for HAL_TIM_DMABurst_MultiReadStart
    stm32f0xx_hal_tim.o(i.HAL_TIM_DMABurst_ReadStop) refers to stm32f0xx_hal_dma.o(i.HAL_DMA_Abort) for HAL_DMA_Abort
    stm32f0xx_hal_tim.o(i.HAL_TIM_DMABurst_WriteStart) refers to stm32f0xx_hal_tim.o(i.HAL_TIM_DMABurst_MultiWriteStart) for HAL_TIM_DMABurst_MultiWriteStart
    stm32f0xx_hal_tim.o(i.HAL_TIM_DMABurst_WriteStop) refers to stm32f0xx_hal_dma.o(i.HAL_DMA_Abort) for HAL_DMA_Abort
[...]
    Removing stm32f0xx_hal_flash.o(i.HAL_FLASH_OperationErrorCallback), (2 bytes).
    Removing stm32f0xx_hal_flash.o(i.HAL_FLASH_Program), (124 bytes).
    Removing stm32f0xx_hal_flash.o(i.HAL_FLASH_Program_IT), (100 bytes).
    Removing stm32f0xx_hal_flash.o(i.HAL_FLASH_Unlock), (36 bytes).
    Removing stm32f0xx_hal_flash.o(.bss), (32 bytes).
    Removing stm32f0xx_hal_uart.o(.rev16_text), (4 bytes).
    Removing stm32f0xx_hal_uart.o(.revsh_text), (4 bytes).
    Removing stm32f0xx_hal_uart.o(i.HAL_HalfDuplex_EnableReceiver), (54 bytes).
    Removing stm32f0xx_hal_uart.o(i.HAL_HalfDuplex_EnableTransmitter), (54 bytes).
    Removing stm32f0xx_hal_uart.o(i.HAL_MultiProcessor_DisableMuteMode), (46 bytes).
    Removing stm32f0xx_hal_uart.o(i.HAL_MultiProcessor_EnableMuteMode), (46 bytes).
    Removing stm32f0xx_hal_uart.o(i.HAL_MultiProcessor_EnterMuteMode), (12 bytes).
    Removing stm32f0xx_hal_uart.o(i.HAL_MultiProcessor_Init), (140 bytes).
    Removing stm32f0xx_hal_uart.o(i.HAL_UART_Abort), (120 bytes).
    Removing stm32f0xx_hal_uart.o(i.HAL_UART_AbortCpltCallback), (2 bytes).
    Removing stm32f0xx_hal_uart.o(i.HAL_UART_AbortReceive), (80 bytes).
    Removing stm32f0xx_hal_uart.o(i.HAL_UART_AbortReceiveCpltCallback), (2 bytes).
    Removing stm32f0xx_hal_uart.o(i.HAL_UART_AbortReceive_IT), (116 bytes).
    Removing stm32f0xx_hal_uart.o(i.HAL_UART_AbortTransmit), (62 bytes).
    Removing stm32f0xx_hal_uart.o(i.HAL_UART_AbortTransmitCpltCallback), (2 bytes).
    Removing stm32f0xx_hal_uart.o(i.HAL_UART_AbortTransmit_IT), (92 bytes).
    Removing stm32f0xx_hal_uart.o(i.HAL_UART_Abort_IT), (196 bytes).
    Removing stm32f0xx_hal_uart.o(i.HAL_UART_DMAPause), (94 bytes).
    Removing stm32f0xx_hal_uart.o(i.HAL_UART_DMAResume), (86 bytes).
    Removing stm32f0xx_hal_uart.o(i.HAL_UART_DMAStop), (88 bytes).
    Removing stm32f0xx_hal_uart.o(i.HAL_UART_ErrorCallback), (2 bytes).
    Removing stm32f0xx_hal_uart.o(i.HAL_UART_GetError), (4 bytes).
    Removing stm32f0xx_hal_uart.o(i.HAL_UART_GetState), (12 bytes).
    Removing stm32f0xx_hal_uart.o(i.HAL_UART_IRQHandler), (276 bytes).
    Removing stm32f0xx_hal_uart.o(i.HAL_UART_MspDeInit), (2 bytes).
    Removing stm32f0xx_hal_uart.o(i.HAL_UART_MspInit), (2 bytes).
    Removing stm32f0xx_hal_uart.o(i.HAL_UART_Receive), (256 bytes).
    Removing stm32f0xx_hal_uart.o(i.HAL_UART_Receive_DMA), (164 bytes).
    Removing stm32f0xx_hal_uart.o(i.HAL_UART_Receive_IT), (160 bytes).
    Removing stm32f0xx_hal_uart.o(i.HAL_UART_RxCpltCallback), (2 bytes).
    Removing stm32f0xx_hal_uart.o(i.HAL_UART_RxHalfCpltCallback), (2 bytes).
    Removing stm32f0xx_hal_uart.o(i.HAL_UART_Transmit_DMA), (152 bytes).
    Removing stm32f0xx_hal_uart.o(i.HAL_UART_Transmit_IT), (88 bytes).
    Removing stm32f0xx_hal_uart.o(i.HAL_UART_TxCpltCallback), (2 bytes).
    Removing stm32f0xx_hal_uart.o(i.HAL_UART_TxHalfCpltCallback), (2 bytes).
    Removing stm32f0xx_hal_uart.o(i.UART_DMAAbortOnError), (20 bytes).
    Removing stm32f0xx_hal_uart.o(i.UART_DMAError), (74 bytes).
    Removing stm32f0xx_hal_uart.o(i.UART_DMAReceiveCplt), (64 bytes).
    Removing stm32f0xx_hal_uart.o(i.UART_DMARxAbortCallback), (54 bytes).
    Removing stm32f0xx_hal_uart.o(i.UART_DMARxHalfCplt), (10 bytes).
    Removing stm32f0xx_hal_uart.o(i.UART_DMARxOnlyAbortCallback), (28 bytes).
    Removing stm32f0xx_hal_uart.o(i.UART_DMATransmitCplt), (48 bytes).
    Removing stm32f0xx_hal_uart.o(i.UART_DMATxAbortCallback), (54 bytes).
    Removing stm32f0xx_hal_uart.o(i.UART_DMATxHalfCplt), (10 bytes).
    Removing stm32f0xx_hal_uart.o(i.UART_DMATxOnlyAbortCallback), (22 bytes).
    Removing stm32f0xx_hal_uart.o(i.UART_EndRxTransfer), (30 bytes).
    Removing stm32f0xx_hal_uart.o(i.UART_EndTransmit_IT), (26 bytes).
    Removing stm32f0xx_hal_uart.o(i.UART_EndTxTransfer), (18 bytes).
    Removing stm32f0xx_hal_uart.o(i.UART_Receive_IT), (122 bytes).
    Removing stm32f0xx_hal_uart.o(i.UART_Transmit_IT), (102 bytes).
    Removing stm32f0xx_hal_i2c.o(.rev16_text), (4 bytes).
    Removing stm32f0xx_hal_i2c.o(.revsh_text), (4 bytes).
    Removing stm32f0xx_hal_i2c.o(i.HAL_I2C_AbortCpltCallback), (2 bytes).
    Removing stm32f0xx_hal_i2c.o(i.HAL_I2C_AddrCallback), (2 bytes).
    Removing stm32f0xx_hal_i2c.o(i.HAL_I2C_DeInit), (52 bytes).
    Removing stm32f0xx_hal_i2c.o(i.HAL_I2C_DisableListen_IT), (48 bytes).
    Removing stm32f0xx_hal_i2c.o(i.HAL_I2C_ER_IRQHandler), (88 bytes).
    Removing stm32f0xx_hal_i2c.o(i.HAL_I2C_EV_IRQHandler), (16 bytes).
    Removing stm32f0xx_hal_i2c.o(i.HAL_I2C_EnableListen_IT), (40 bytes).
    Removing stm32f0xx_hal_i2c.o(i.HAL_I2C_ErrorCallback), (2 bytes).
    Removing stm32f0xx_hal_i2c.o(i.HAL_I2C_GetError), (4 bytes).
    Removing stm32f0xx_hal_i2c.o(i.HAL_I2C_GetMode), (6 bytes).
    Removing stm32f0xx_hal_i2c.o(i.HAL_I2C_GetState), (6 bytes).
    Removing stm32f0xx_hal_i2c.o(i.HAL_I2C_Init), (180 bytes).
    Removing stm32f0xx_hal_i2c.o(i.HAL_I2C_IsDeviceReady), (284 bytes).
    Removing stm32f0xx_hal_i2c.o(i.HAL_I2C_ListenCpltCallback), (2 bytes).
    Removing stm32f0xx_hal_i2c.o(i.HAL_I2C_MasterRxCpltCallback), (2 bytes).
    Removing stm32f0xx_hal_i2c.o(i.HAL_I2C_MasterTxCpltCallback), (2 bytes).
    Removing stm32f0xx_hal_i2c.o(i.HAL_I2C_Master_Abort_IT), (88 bytes).
    Removing stm32f0xx_hal_i2c.o(i.HAL_I2C_Master_Receive), (280 bytes).
    Removing stm32f0xx_hal_i2c.o(i.HAL_I2C_Master_Receive_DMA), (236 bytes).
    Removing stm32f0xx_hal_i2c.o(i.HAL_I2C_Master_Receive_IT), (124 bytes).
    Removing stm32f0xx_hal_i2c.o(i.HAL_I2C_Master_Sequential_Receive_IT), (116 bytes).
    Removing stm32f0xx_hal_i2c.o(i.HAL_I2C_Master_Sequential_Transmit_IT), (116 bytes).
    Removing stm32f0xx_hal_i2c.o(i.HAL_I2C_Master_Transmit), (280 bytes).
    Removing stm32f0xx_hal_i2c.o(i.HAL_I2C_Master_Transmit_DMA), (240 bytes).
    Removing stm32f0xx_hal_i2c.o(i.HAL_I2C_Master_Transmit_IT), (124 bytes).
    Removing stm32f0xx_hal_i2c.o(i.HAL_I2C_MemRxCpltCallback), (2 bytes).
    Removing stm32f0xx_hal_i2c.o(i.HAL_I2C_MemTxCpltCallback), (2 bytes).
    Removing stm32f0xx_hal_i2c.o(i.HAL_I2C_Mem_Read), (344 bytes).
    Removing stm32f0xx_hal_i2c.o(i.HAL_I2C_Mem_Read_DMA), (248 bytes).
    Removing stm32f0xx_hal_i2c.o(i.HAL_I2C_Mem_Read_IT), (188 bytes).
    Removing stm32f0xx_hal_i2c.o(i.HAL_I2C_Mem_Write), (340 bytes).
    Removing stm32f0xx_hal_i2c.o(i.HAL_I2C_Mem_Write_DMA), (244 bytes).
    Removing stm32f0xx_hal_i2c.o(i.HAL_I2C_Mem_Write_IT), (184 bytes).
    Removing stm32f0xx_hal_i2c.o(i.HAL_I2C_MspDeInit), (2 bytes).
    Removing stm32f0xx_hal_i2c.o(i.HAL_I2C_MspInit), (2 bytes).
    Removing stm32f0xx_hal_i2c.o(i.HAL_I2C_SlaveRxCpltCallback), (2 bytes).
    Removing stm32f0xx_hal_i2c.o(i.HAL_I2C_SlaveTxCpltCallback), (2 bytes).
    Removing stm32f0xx_hal_i2c.o(i.HAL_I2C_Slave_Receive), (292 bytes).
    Removing stm32f0xx_hal_i2c.o(i.HAL_I2C_Slave_Receive_DMA), (156 bytes).
    Removing stm32f0xx_hal_i2c.o(i.HAL_I2C_Slave_Receive_IT), (88 bytes).
    Removing stm32f0xx_hal_i2c.o(i.HAL_I2C_Slave_Sequential_Receive_IT), (144 bytes).
    Removing stm32f0xx_hal_i2c.o(i.HAL_I2C_Slave_Sequential_Transmit_IT), (144 bytes).
    Removing stm32f0xx_hal_i2c.o(i.HAL_I2C_Slave_Transmit), (300 bytes).
    Removing stm32f0xx_hal_i2c.o(i.HAL_I2C_Slave_Transmit_DMA), (156 bytes).
    Removing stm32f0xx_hal_i2c.o(i.HAL_I2C_Slave_Transmit_IT), (88 bytes).
    Removing stm32f0xx_hal_i2c.o(i.I2C_DMAAbort), (52 bytes).
    Removing stm32f0xx_hal_i2c.o(i.I2C_DMAError), (24 bytes).
    Removing stm32f0xx_hal_i2c.o(i.I2C_DMAMasterReceiveCplt), (68 bytes).
    Removing stm32f0xx_hal_i2c.o(i.I2C_DMAMasterTransmitCplt), (68 bytes).
    Removing stm32f0xx_hal_i2c.o(i.I2C_DMASlaveReceiveCplt), (2 bytes).
    Removing stm32f0xx_hal_i2c.o(i.I2C_DMASlaveTransmitCplt), (2 bytes).
    Removing stm32f0xx_hal_i2c.o(i.I2C_Disable_IRQ), (86 bytes).
    Removing stm32f0xx_hal_i2c.o(i.I2C_Enable_IRQ), (100 bytes).
    Removing stm32f0xx_hal_i2c.o(i.I2C_Flush_TXDR), (34 bytes).
    Removing stm32f0xx_hal_i2c.o(i.I2C_ITAddrCplt), (122 bytes).
    Removing stm32f0xx_hal_i2c.o(i.I2C_ITError), (204 bytes).
    Removing stm32f0xx_hal_i2c.o(i.I2C_ITListenCplt), (96 bytes).
    Removing stm32f0xx_hal_i2c.o(i.I2C_ITMasterCplt), (160 bytes).
    Removing stm32f0xx_hal_i2c.o(i.I2C_ITMasterSequentialCplt), (70 bytes).
    Removing stm32f0xx_hal_i2c.o(i.I2C_ITSlaveCplt), (232 bytes).
    Removing stm32f0xx_hal_i2c.o(i.I2C_ITSlaveSequentialCplt), (74 bytes).
    Removing stm32f0xx_hal_i2c.o(i.I2C_IsAcknowledgeFailed), (116 bytes).
    Removing stm32f0xx_hal_i2c.o(i.I2C_Master_ISR_DMA), (194 bytes).
    Removing stm32f0xx_hal_i2c.o(i.I2C_Master_ISR_IT), (296 bytes).
    Removing stm32f0xx_hal_i2c.o(i.I2C_RequestMemoryRead), (106 bytes).
    Removing stm32f0xx_hal_i2c.o(i.I2C_RequestMemoryWrite), (106 bytes).
    Removing stm32f0xx_hal_i2c.o(i.I2C_Slave_ISR_DMA), (104 bytes).
    Removing stm32f0xx_hal_i2c.o(i.I2C_Slave_ISR_IT), (280 bytes).
    Removing stm32f0xx_hal_i2c.o(i.I2C_TransferConfig), (36 bytes).
    Removing stm32f0xx_hal_i2c.o(i.I2C_WaitOnFlagUntilTimeout), (72 bytes).
    Removing stm32f0xx_hal_i2c.o(i.I2C_WaitOnRXNEFlagUntilTimeout), (120 bytes).
    Removing stm32f0xx_hal_i2c.o(i.I2C_WaitOnSTOPFlagUntilTimeout), (78 bytes).
    Removing stm32f0xx_hal_i2c.o(i.I2C_WaitOnTXISFlagUntilTimeout), (82 bytes).
    Removing stm32f0xx_hal_pwr.o(.rev16_text), (4 bytes).
    Removing stm32f0xx_hal_pwr.o(.revsh_text), (4 bytes).
    Removing stm32f0xx_hal_pwr.o(i.HAL_PWR_DeInit), (24 bytes).
    Removing stm32f0xx_hal_pwr.o(i.HAL_PWR_DisableBkUpAccess), (16 bytes).
    Removing stm32f0xx_hal_pwr.o(i.HAL_PWR_DisableSEVOnPend), (16 bytes).
    Removing stm32f0xx_hal_pwr.o(i.HAL_PWR_DisableSleepOnExit), (16 bytes).
    Removing stm32f0xx_hal_pwr.o(i.HAL_PWR_DisableWakeUpPin), (16 bytes).
    Removing stm32f0xx_hal_pwr.o(i.HAL_PWR_EnableBkUpAccess), (16 bytes).
    Removing stm32f0xx_hal_pwr.o(i.HAL_PWR_EnableSEVOnPend), (16 bytes).
    Removing stm32f0xx_hal_pwr.o(i.HAL_PWR_EnableSleepOnExit), (16 bytes).
    Removing stm32f0xx_hal_pwr.o(i.HAL_PWR_EnableWakeUpPin), (16 bytes).
    Removing stm32f0xx_hal_pwr.o(i.HAL_PWR_EnterSLEEPMode), (32 bytes).
    Removing stm32f0xx_hal_pwr.o(i.HAL_PWR_EnterSTANDBYMode), (32 bytes).
    Removing stm32f0xx_hal_pwr.o(i.HAL_PWR_EnterSTOPMode), (52 bytes).
    Removing stm32f0xx_hal_gpio.o(.rev16_text), (4 bytes).
    Removing stm32f0xx_hal_gpio.o(.revsh_text), (4 bytes).
    Removing stm32f0xx_hal_gpio.o(i.HAL_GPIO_EXTI_Callback), (2 bytes).
    Removing stm32f0xx_hal_gpio.o(i.HAL_GPIO_EXTI_IRQHandler), (24 bytes).
    Removing stm32f0xx_hal_gpio.o(i.HAL_GPIO_LockPin), (36 bytes).
    Removing stm32f0xx_hal_gpio.o(i.HAL_GPIO_ReadPin), (10 bytes).
    Removing stm32f0xx_hal_gpio.o(i.HAL_GPIO_TogglePin), (8 bytes).
    Removing stm32f0xx_hal_rcc.o(.rev16_text), (4 bytes).
    Removing stm32f0xx_hal_rcc.o(.revsh_text), (4 bytes).
    Removing stm32f0xx_hal_rcc.o(i.HAL_RCC_CSSCallback), (2 bytes).
    Removing stm32f0xx_hal_rcc.o(i.HAL_RCC_DeInit), (76 bytes).
    Removing stm32f0xx_hal_rcc.o(i.HAL_RCC_DisableCSS), (20 bytes).
    Removing stm32f0xx_hal_rcc.o(i.HAL_RCC_EnableCSS), (20 bytes).
    Removing stm32f0xx_hal_rcc.o(i.HAL_RCC_GetClockConfig), (56 bytes).
    Removing stm32f0xx_hal_rcc.o(i.HAL_RCC_GetOscConfig), (156 bytes).
    Removing stm32f0xx_hal_rcc.o(i.HAL_RCC_MCOConfig), (80 bytes).
    Removing stm32f0xx_hal_rcc.o(i.HAL_RCC_NMI_IRQHandler), (24 bytes).
    Removing stm32f0xx_hal_adc_ex.o(.rev16_text), (4 bytes).
    Removing stm32f0xx_hal_adc_ex.o(.revsh_text), (4 bytes).
    Removing stm32f0xx_hal_i2c_ex.o(.rev16_text), (4 bytes).
    Removing stm32f0xx_hal_i2c_ex.o(.revsh_text), (4 bytes).
    Removing stm32f0xx_hal_i2c_ex.o(i.HAL_I2CEx_ConfigAnalogFilter), (74 bytes).
    Removing stm32f0xx_hal_i2c_ex.o(i.HAL_I2CEx_ConfigDigitalFilter), (72 bytes).
    Removing stm32f0xx_hal_i2c_ex.o(i.HAL_I2CEx_DisableFastModePlus), (36 bytes).
    Removing stm32f0xx_hal_i2c_ex.o(i.HAL_I2CEx_EnableFastModePlus), (36 bytes).
    Removing stm32f0xx_hal_tim_ex.o(.rev16_text), (4 bytes).
    Removing stm32f0xx_hal_tim_ex.o(.revsh_text), (4 bytes).
    Removing stm32f0xx_hal_tim_ex.o(i.HAL_TIMEx_BreakCallback), (2 bytes).
    Removing stm32f0xx_hal_tim_ex.o(i.HAL_TIMEx_CommutationCallback), (2 bytes).
    Removing stm32f0xx_hal_tim_ex.o(i.HAL_TIMEx_ConfigBreakDeadTime), (96 bytes).
    Removing stm32f0xx_hal_tim_ex.o(i.HAL_TIMEx_ConfigCommutationEvent), (88 bytes).
    Removing stm32f0xx_hal_tim_ex.o(i.HAL_TIMEx_ConfigCommutationEvent_DMA), (120 bytes).
    Removing stm32f0xx_hal_tim_ex.o(i.HAL_TIMEx_ConfigCommutationEvent_IT), (98 bytes).
    Removing stm32f0xx_hal_tim_ex.o(i.HAL_TIMEx_HallSensor_DeInit), (52 bytes).
    Removing stm32f0xx_hal_tim_ex.o(i.HAL_TIMEx_HallSensor_GetState), (6 bytes).
    Removing stm32f0xx_hal_tim_ex.o(i.HAL_TIMEx_HallSensor_Init), (184 bytes).
    Removing stm32f0xx_hal_tim_ex.o(i.HAL_TIMEx_HallSensor_MspDeInit), (2 bytes).
    Removing stm32f0xx_hal_tim_ex.o(i.HAL_TIMEx_HallSensor_MspInit), (2 bytes).
    Removing stm32f0xx_hal_tim_ex.o(i.HAL_TIMEx_HallSensor_Start), (28 bytes).
    Removing stm32f0xx_hal_tim_ex.o(i.HAL_TIMEx_HallSensor_Start_DMA), (116 bytes).
    Removing stm32f0xx_hal_tim_ex.o(i.HAL_TIMEx_HallSensor_Start_IT), (38 bytes).
    Removing stm32f0xx_hal_tim_ex.o(i.HAL_TIMEx_HallSensor_Stop), (48 bytes).
    Removing stm32f0xx_hal_tim_ex.o(i.HAL_TIMEx_HallSensor_Stop_DMA), (60 bytes).
    Removing stm32f0xx_hal_tim_ex.o(i.HAL_TIMEx_HallSensor_Stop_IT), (60 bytes).
    Removing stm32f0xx_hal_tim_ex.o(i.HAL_TIMEx_OCN_Start), (38 bytes).
    Removing stm32f0xx_hal_tim_ex.o(i.HAL_TIMEx_OCN_Start_DMA), (232 bytes).
    Removing stm32f0xx_hal_tim_ex.o(i.HAL_TIMEx_OCN_Start_IT), (94 bytes).
    Removing stm32f0xx_hal_tim_ex.o(i.HAL_TIMEx_OCN_Stop), (76 bytes).
    Removing stm32f0xx_hal_tim_ex.o(i.HAL_TIMEx_OCN_Stop_DMA), (136 bytes).
    Removing stm32f0xx_hal_tim_ex.o(i.HAL_TIMEx_OCN_Stop_IT), (136 bytes).
    Removing stm32f0xx_hal_tim_ex.o(i.HAL_TIMEx_OnePulseN_Start), (28 bytes).
    Removing stm32f0xx_hal_tim_ex.o(i.HAL_TIMEx_OnePulseN_Start_IT), (48 bytes).
    Removing stm32f0xx_hal_tim_ex.o(i.HAL_TIMEx_OnePulseN_Stop), (76 bytes).
    Removing stm32f0xx_hal_tim_ex.o(i.HAL_TIMEx_OnePulseN_Stop_IT), (96 bytes).
    Removing stm32f0xx_hal_tim_ex.o(i.HAL_TIMEx_PWMN_Start), (38 bytes).
    Removing stm32f0xx_hal_tim_ex.o(i.HAL_TIMEx_PWMN_Start_DMA), (232 bytes).
    Removing stm32f0xx_hal_tim_ex.o(i.HAL_TIMEx_PWMN_Start_IT), (94 bytes).
    Removing stm32f0xx_hal_tim_ex.o(i.HAL_TIMEx_PWMN_Stop), (76 bytes).
    Removing stm32f0xx_hal_tim_ex.o(i.HAL_TIMEx_PWMN_Stop_DMA), (136 bytes).
    Removing stm32f0xx_hal_tim_ex.o(i.HAL_TIMEx_PWMN_Stop_IT), (136 bytes).
    Removing stm32f0xx_hal_tim_ex.o(i.HAL_TIMEx_RemapConfig), (30 bytes).
    Removing stm32f0xx_hal_tim_ex.o(i.TIMEx_DMACommutationCplt), (16 bytes).
    Removing stm32f0xx_hal_tim_ex.o(i.TIM_CCxNChannelCmd), (22 bytes).
    Removing stm32f0xx_hal_uart_ex.o(.rev16_text), (4 bytes).
    Removing stm32f0xx_hal_uart_ex.o(.revsh_text), (4 bytes).
    Removing stm32f0xx_hal_uart_ex.o(i.HAL_MultiProcessorEx_AddressLength_Set), (54 bytes).
    Removing stm32f0xx_hal_uart_ex.o(i.HAL_RS485Ex_Init), (144 bytes).
    Removing stm32f0xx_hal.o(.rev16_text), (4 bytes).
    Removing stm32f0xx_hal.o(.revsh_text), (4 bytes).
    Removing stm32f0xx_hal.o(i.HAL_DBGMCU_DisableDBGStandbyMode), (16 bytes).
    Removing stm32f0xx_hal.o(i.HAL_DBGMCU_DisableDBGStopMode), (16 bytes).
    Removing stm32f0xx_hal.o(i.HAL_DBGMCU_EnableDBGStandbyMode), (16 bytes).
    Removing stm32f0xx_hal.o(i.HAL_DBGMCU_EnableDBGStopMode), (16 bytes).
    Removing stm32f0xx_hal.o(i.HAL_DeInit), (36 bytes).
    Removing stm32f0xx_hal.o(i.HAL_GetDEVID), (16 bytes).
    Removing stm32f0xx_hal.o(i.HAL_GetHalVersion), (8 bytes).
    Removing stm32f0xx_hal.o(i.HAL_GetREVID), (12 bytes).
    Removing stm32f0xx_hal.o(i.HAL_GetUIDw0), (12 bytes).
    Removing stm32f0xx_hal.o(i.HAL_GetUIDw1), (12 bytes).
    Removing stm32f0xx_hal.o(i.HAL_GetUIDw2), (12 bytes).
    Removing stm32f0xx_hal.o(i.HAL_MspDeInit), (2 bytes).
    Removing stm32f0xx_hal.o(i.HAL_MspInit), (2 bytes).
    Removing stm32f0xx_hal.o(i.HAL_ResumeTick), (16 bytes).
    Removing stm32f0xx_hal.o(i.HAL_SuspendTick), (16 bytes).
    Removing stm32f0xx_hal_crc.o(.rev16_text), (4 bytes).
    Removing stm32f0xx_hal_crc.o(.revsh_text), (4 bytes).
    Removing stm32f0xx_hal_crc.o(i.CRC_Handle_16), (56 bytes).
    Removing stm32f0xx_hal_crc.o(i.CRC_Handle_8), (128 bytes).
    Removing stm32f0xx_hal_crc.o(i.HAL_CRC_Accumulate), (88 bytes).
    Removing stm32f0xx_hal_crc.o(i.HAL_CRC_Calculate), (96 bytes).
    Removing stm32f0xx_hal_crc.o(i.HAL_CRC_DeInit), (52 bytes).
    Removing stm32f0xx_hal_crc.o(i.HAL_CRC_GetState), (4 bytes).
    Removing stm32f0xx_hal_crc.o(i.HAL_CRC_MspDeInit), (2 bytes).
    Removing stm32f0xx_hal_crc.o(i.HAL_CRC_MspInit), (2 bytes).
    Removing stm32f0xx_hal_crc_ex.o(.rev16_text), (4 bytes).
    Removing stm32f0xx_hal_crc_ex.o(.revsh_text), (4 bytes).
    Removing stm32f0xx_hal_crc_ex.o(i.HAL_CRCEx_Input_Data_Reverse), (26 bytes).
    Removing stm32f0xx_hal_crc_ex.o(i.HAL_CRCEx_Output_Data_Reverse), (26 bytes).
    Removing system_stm32f0xx.o(.rev16_text), (4 bytes).
    Removing system_stm32f0xx.o(.revsh_text), (4 bytes).
    Removing system_stm32f0xx.o(i.SystemCoreClockUpdate), (88 bytes).
    Removing main.o(.rev16_text), (4 bytes).
    Removing main.o(.revsh_text), (4 bytes).
    Removing stm32f0xx_hal_msp.o(.rev16_text), (4 bytes).
    Removing stm32f0xx_hal_msp.o(.revsh_text), (4 bytes).
    Removing stm32f0xx_hal_msp.o(i.HAL_ADC_MspDeInit), (56 bytes).
    Removing stm32f0xx_hal_msp.o(i.HAL_CRC_MspDeInit), (28 bytes).
    Removing stm32f0xx_hal_msp.o(i.HAL_TIM_Base_MspDeInit), (120 bytes).
    Removing stm32f0xx_it.o(.rev16_text), (4 bytes).
    Removing stm32f0xx_it.o(.revsh_text), (4 bytes).
    Removing led.o(.rev16_text), (4 bytes).
    Removing led.o(.revsh_text), (4 bytes).
    Removing led.o(i.Drv_LED_ErrCodeDisplay), (44 bytes).
    Removing ir.o(.rev16_text), (4 bytes).
    Removing ir.o(.revsh_text), (4 bytes).
    Removing ir.o(i.Drv_IR_Receive_DMA_Stop), (16 bytes).
    Removing temperature.o(.rev16_text), (4 bytes).
    Removing temperature.o(.revsh_text), (4 bytes).
    Removing temperature.o(i.Drv_Temp_GetTemp), (112 bytes).
    Removing temperature.o(i.Drv_Temp_SampleStart), (52 bytes).
    Removing temperature.o(i.Drv_Temp_SampleStop), (28 bytes).
    Removing temperature.o(.data), (216 bytes).
    Removing comm_inout.o(.rev16_text), (4 bytes).
    Removing comm_inout.o(.revsh_text), (4 bytes).
    Removing comm_inout.o(i.Drv_CommIO_EnableRx), (80 bytes).
    Removing comm_inout.o(i.Drv_CommIO_RxRead), (84 bytes).
    Removing comm_inout.o(.bss), (12 bytes).
    Removing fan_ctrl.o(.rev16_text), (4 bytes).
    Removing fan_ctrl.o(.revsh_text), (4 bytes).
    Removing fan_ctrl.o(i.FanGetLevel), (12 bytes).
    Removing fan_ctrl.o(i.FanGetSpeed), (56 bytes).
    Removing fan_ctrl.o(i.FanStop), (52 bytes).
    Removing step_ctrl.o(.rev16_text), (4 bytes).
    Removing step_ctrl.o(.revsh_text), (4 bytes).

443 unused section(s) (total 29002 bytes) removed from the image.

==============================================================================

Image Symbol Table

    Local Symbols

    Symbol Name                              Value     Ov Type        Size  Object(Section)

    ..//Src/system_stm32f0xx.c               0x00000000   Number         0  system_stm32f0xx.o ABSOLUTE
    ../Drivers/STM32F0xx_HAL_Driver/Src/stm32f0xx_hal.c 0x00000000   Number         0  stm32f0xx_hal.o ABSOLUTE
    ../Drivers/STM32F0xx_HAL_Driver/Src/stm32f0xx_hal_adc.c 0x00000000   Number         0  stm32f0xx_hal_adc.o ABSOLUTE
    ../Drivers/STM32F0xx_HAL_Driver/Src/stm32f0xx_hal_adc_ex.c 0x00000000   Number         0  stm32f0xx_hal_adc_ex.o ABSOLUTE
    ../Drivers/STM32F0xx_HAL_Driver/Src/stm32f0xx_hal_cortex.c 0x00000000   Number         0  stm32f0xx_hal_cortex.o ABSOLUTE
    ../Drivers/STM32F0xx_HAL_Driver/Src/stm32f0xx_hal_crc.c 0x00000000   Number         0  stm32f0xx_hal_crc.o ABSOLUTE
    ../Drivers/STM32F0xx_HAL_Driver/Src/stm32f0xx_hal_crc_ex.c 0x00000000   Number         0  stm32f0xx_hal_crc_ex.o ABSOLUTE
    ../Drivers/STM32F0xx_HAL_Driver/Src/stm32f0xx_hal_dma.c 0x00000000   Number         0  stm32f0xx_hal_dma.o ABSOLUTE
    ../Drivers/STM32F0xx_HAL_Driver/Src/stm32f0xx_hal_flash.c 0x00000000   Number         0  stm32f0xx_hal_flash.o ABSOLUTE
    ../Drivers/STM32F0xx_HAL_Driver/Src/stm32f0xx_hal_flash_ex.c 0x00000000   Number         0  stm32f0xx_hal_flash_ex.o ABSOLUTE
    ../Drivers/STM32F0xx_HAL_Driver/Src/stm32f0xx_hal_gpio.c 0x00000000   Number         0  stm32f0xx_hal_gpio.o ABSOLUTE
    ../Drivers/STM32F0xx_HAL_Driver/Src/stm32f0xx_hal_i2c.c 0x00000000   Number         0  stm32f0xx_hal_i2c.o ABSOLUTE
    ../Drivers/STM32F0xx_HAL_Driver/Src/stm32f0xx_hal_i2c_ex.c 0x00000000   Number         0  stm32f0xx_hal_i2c_ex.o ABSOLUTE
    ../Drivers/STM32F0xx_HAL_Driver/Src/stm32f0xx_hal_pwr.c 0x00000000   Number         0  stm32f0xx_hal_pwr.o ABSOLUTE
    ../Drivers/STM32F0xx_HAL_Driver/Src/stm32f0xx_hal_pwr_ex.c 0x00000000   Number         0  stm32f0xx_hal_pwr_ex.o ABSOLUTE
    ../Drivers/STM32F0xx_HAL_Driver/Src/stm32f0xx_hal_rcc.c 0x00000000   Number         0  stm32f0xx_hal_rcc.o ABSOLUTE
    ../Drivers/STM32F0xx_HAL_Driver/Src/stm32f0xx_hal_rcc_ex.c 0x00000000   Number         0  stm32f0xx_hal_rcc_ex.o ABSOLUTE
    ../Drivers/STM32F0xx_HAL_Driver/Src/stm32f0xx_hal_tim.c 0x00000000   Number         0  stm32f0xx_hal_tim.o ABSOLUTE
    ../Drivers/STM32F0xx_HAL_Driver/Src/stm32f0xx_hal_tim_ex.c 0x00000000   Number         0  stm32f0xx_hal_tim_ex.o ABSOLUTE
    ../Drivers/STM32F0xx_HAL_Driver/Src/stm32f0xx_hal_uart.c 0x00000000   Number         0  stm32f0xx_hal_uart.o ABSOLUTE
    ../Drivers/STM32F0xx_HAL_Driver/Src/stm32f0xx_hal_uart_ex.c 0x00000000   Number         0  stm32f0xx_hal_uart_ex.o ABSOLUTE
    ../Src/main.c                            0x00000000   Number         0  main.o ABSOLUTE
    ../Src/stm32f0xx_hal_msp.c               0x00000000   Number         0  stm32f0xx_hal_msp.o ABSOLUTE
    ../Src/stm32f0xx_it.c                    0x00000000   Number         0  stm32f0xx_it.o ABSOLUTE
    ../clib/microlib/division.c              0x00000000   Number         0  idiv.o ABSOLUTE
    ../clib/microlib/division.c              0x00000000   Number         0  uldiv.o ABSOLUTE
    ../clib/microlib/division.c              0x00000000   Number         0  uidiv.o ABSOLUTE
    ../clib/microlib/init/entry.s            0x00000000   Number         0  entry10a.o ABSOLUTE
    ../clib/microlib/init/entry.s            0x00000000   Number         0  entry9a.o ABSOLUTE
    ../clib/microlib/init/entry.s            0x00000000   Number         0  entry10b.o ABSOLUTE
    ../clib/microlib/init/entry.s            0x00000000   Number         0  entry8b.o ABSOLUTE
    ../clib/microlib/init/entry.s            0x00000000   Number         0  entry8a.o ABSOLUTE
    ../clib/microlib/init/entry.s            0x00000000   Number         0  entry7b.o ABSOLUTE
    ../clib/microlib/init/entry.s            0x00000000   Number         0  entry7a.o ABSOLUTE
    ../clib/microlib/init/entry.s            0x00000000   Number         0  entry2.o ABSOLUTE
    ../clib/microlib/init/entry.s            0x00000000   Number         0  entry.o ABSOLUTE
    ../clib/microlib/init/entry.s            0x00000000   Number         0  entry9b.o ABSOLUTE
    ../clib/microlib/init/entry.s            0x00000000   Number         0  entry5.o ABSOLUTE
    ../clib/microlib/init/entry.s            0x00000000   Number         0  entry11b.o ABSOLUTE
    ../clib/microlib/init/entry.s            0x00000000   Number         0  entry11a.o ABSOLUTE
    ../clib/microlib/longlong.c              0x00000000   Number         0  llushr.o ABSOLUTE
    ../clib/microlib/longlong.c              0x00000000   Number         0  llshl.o ABSOLUTE
    ../clib/microlib/longlong.c              0x00000000   Number         0  llsshr.o ABSOLUTE
    ../clib/microlib/printf/printf.c         0x00000000   Number         0  printfa.o ABSOLUTE
    ../clib/microlib/stdio/fputc.c           0x00000000   Number         0  fputc.o ABSOLUTE
    ../clib/microlib/stdio/semi.s            0x00000000   Number         0  semi.o ABSOLUTE
    ../clib/microlib/stdio/streams.c         0x00000000   Number         0  stdout.o ABSOLUTE
    ../clib/microlib/stubs.s                 0x00000000   Number         0  iusefp.o ABSOLUTE
    ../clib/microlib/stubs.s                 0x00000000   Number         0  iusesemip.o ABSOLUTE
    ../clib/microlib/unhosted.c              0x00000000   Number         0  uread4.o ABSOLUTE
    ../fplib/microlib/fpadd.c                0x00000000   Number         0  dadd.o ABSOLUTE
    ../fplib/microlib/fpdiv.c                0x00000000   Number         0  ddiv.o ABSOLUTE
    ../fplib/microlib/fpepilogue.c           0x00000000   Number         0  depilogue.o ABSOLUTE
    ../fplib/microlib/fpfix.c                0x00000000   Number         0  dfixul.o ABSOLUTE
    ../fplib/microlib/fpmul.c                0x00000000   Number         0  dmul.o ABSOLUTE
    ..\Drivers\STM32F0xx_HAL_Driver\Src\stm32f0xx_hal.c 0x00000000   Number         0  stm32f0xx_hal.o ABSOLUTE
    ..\Drivers\STM32F0xx_HAL_Driver\Src\stm32f0xx_hal_adc.c 0x00000000   Number         0  stm32f0xx_hal_adc.o ABSOLUTE
    ..\Drivers\STM32F0xx_HAL_Driver\Src\stm32f0xx_hal_adc_ex.c 0x00000000   Number         0  stm32f0xx_hal_adc_ex.o ABSOLUTE
    ..\Drivers\STM32F0xx_HAL_Driver\Src\stm32f0xx_hal_cortex.c 0x00000000   Number         0  stm32f0xx_hal_cortex.o ABSOLUTE
    ..\Drivers\STM32F0xx_HAL_Driver\Src\stm32f0xx_hal_crc.c 0x00000000   Number         0  stm32f0xx_hal_crc.o ABSOLUTE
    ..\Drivers\STM32F0xx_HAL_Driver\Src\stm32f0xx_hal_crc_ex.c 0x00000000   Number         0  stm32f0xx_hal_crc_ex.o ABSOLUTE
    ..\Drivers\STM32F0xx_HAL_Driver\Src\stm32f0xx_hal_dma.c 0x00000000   Number         0  stm32f0xx_hal_dma.o ABSOLUTE
    ..\Drivers\STM32F0xx_HAL_Driver\Src\stm32f0xx_hal_flash.c 0x00000000   Number         0  stm32f0xx_hal_flash.o ABSOLUTE
    ..\Drivers\STM32F0xx_HAL_Driver\Src\stm32f0xx_hal_flash_ex.c 0x00000000   Number         0  stm32f0xx_hal_flash_ex.o ABSOLUTE
    ..\Drivers\STM32F0xx_HAL_Driver\Src\stm32f0xx_hal_gpio.c 0x00000000   Number         0  stm32f0xx_hal_gpio.o ABSOLUTE
    ..\Drivers\STM32F0xx_HAL_Driver\Src\stm32f0xx_hal_i2c.c 0x00000000   Number         0  stm32f0xx_hal_i2c.o ABSOLUTE
    ..\Drivers\STM32F0xx_HAL_Driver\Src\stm32f0xx_hal_i2c_ex.c 0x00000000   Number         0  stm32f0xx_hal_i2c_ex.o ABSOLUTE
    ..\Drivers\STM32F0xx_HAL_Driver\Src\stm32f0xx_hal_pwr.c 0x00000000   Number         0  stm32f0xx_hal_pwr.o ABSOLUTE
    ..\Drivers\STM32F0xx_HAL_Driver\Src\stm32f0xx_hal_pwr_ex.c 0x00000000   Number         0  stm32f0xx_hal_pwr_ex.o ABSOLUTE
    ..\Drivers\STM32F0xx_HAL_Driver\Src\stm32f0xx_hal_rcc.c 0x00000000   Number         0  stm32f0xx_hal_rcc.o ABSOLUTE
    ..\Drivers\STM32F0xx_HAL_Driver\Src\stm32f0xx_hal_rcc_ex.c 0x00000000   Number         0  stm32f0xx_hal_rcc_ex.o ABSOLUTE
    ..\Drivers\STM32F0xx_HAL_Driver\Src\stm32f0xx_hal_tim.c 0x00000000   Number         0  stm32f0xx_hal_tim.o ABSOLUTE
    ..\Drivers\STM32F0xx_HAL_Driver\Src\stm32f0xx_hal_tim_ex.c 0x00000000   Number         0  stm32f0xx_hal_tim_ex.o ABSOLUTE
    ..\Drivers\STM32F0xx_HAL_Driver\Src\stm32f0xx_hal_uart.c 0x00000000   Number         0  stm32f0xx_hal_uart.o ABSOLUTE
    ..\Drivers\STM32F0xx_HAL_Driver\Src\stm32f0xx_hal_uart_ex.c 0x00000000   Number         0  stm32f0xx_hal_uart_ex.o ABSOLUTE
    ..\Src\comm_inout.c                      0x00000000   Number         0  comm_inout.o ABSOLUTE
    ..\Src\fan_ctrl.c                        0x00000000   Number         0  fan_ctrl.o ABSOLUTE
    ..\Src\ir.c                              0x00000000   Number         0  ir.o ABSOLUTE
    ..\Src\led.c                             0x00000000   Number         0  led.o ABSOLUTE
    ..\Src\main.c                            0x00000000   Number         0  main.o ABSOLUTE
    ..\Src\step_ctrl.c                       0x00000000   Number         0  step_ctrl.o ABSOLUTE
    ..\Src\stm32f0xx_hal_msp.c               0x00000000   Number         0  stm32f0xx_hal_msp.o ABSOLUTE
    ..\Src\stm32f0xx_it.c                    0x00000000   Number         0  stm32f0xx_it.o ABSOLUTE
    ..\Src\temperature.c                     0x00000000   Number         0  temperature.o ABSOLUTE
    ..\\Src\\comm_inout.c                    0x00000000   Number         0  comm_inout.o ABSOLUTE
    ..\\Src\\fan_ctrl.c                      0x00000000   Number         0  fan_ctrl.o ABSOLUTE
    ..\\Src\\ir.c                            0x00000000   Number         0  ir.o ABSOLUTE
    ..\\Src\\led.c                           0x00000000   Number         0  led.o ABSOLUTE
    ..\\Src\\step_ctrl.c                     0x00000000   Number         0  step_ctrl.o ABSOLUTE
    ..\\Src\\temperature.c                   0x00000000   Number         0  temperature.o ABSOLUTE
    ..\\Src\system_stm32f0xx.c               0x00000000   Number         0  system_stm32f0xx.o ABSOLUTE
    cdrcmple.s                               0x00000000   Number         0  cdrcmple.o ABSOLUTE
    dc.s                                     0x00000000   Number         0  dc.o ABSOLUTE
    handlers.s                               0x00000000   Number         0  handlers.o ABSOLUTE
    init.s                                   0x00000000   Number         0  init.o ABSOLUTE
    startup_stm32f030xc.s                    0x00000000   Number         0  startup_stm32f030xc.o ABSOLUTE
    RESET                                    0x08000000   Section      184  startup_stm32f030xc.o(RESET)
    .ARM.Collect$$$$00000000                 0x080000b8   Section        0  entry.o(.ARM.Collect$$$$00000000)
    .ARM.Collect$$$$00000001                 0x080000b8   Section        4  entry2.o(.ARM.Collect$$$$00000001)
    .ARM.Collect$$$$00000004                 0x080000bc   Section        4  entry5.o(.ARM.Collect$$$$00000004)
    .ARM.Collect$$$$00000008                 0x080000c0   Section        0  entry7b.o(.ARM.Collect$$$$00000008)
    .ARM.Collect$$$$0000000A                 0x080000c0   Section        0  entry8b.o(.ARM.Collect$$$$0000000A)
    .ARM.Collect$$$$0000000B                 0x080000c0   Section        8  entry9a.o(.ARM.Collect$$$$0000000B)
    .ARM.Collect$$$$0000000D                 0x080000c8   Section        0  entry10a.o(.ARM.Collect$$$$0000000D)
    .ARM.Collect$$$$0000000F                 0x080000c8   Section        0  entry11a.o(.ARM.Collect$$$$0000000F)
    .ARM.Collect$$$$00002712                 0x080000c8   Section        4  entry2.o(.ARM.Collect$$$$00002712)
    __lit__00000000                          0x080000c8   Data           4  entry2.o(.ARM.Collect$$$$00002712)
    .text                                    0x080000cc   Section       28  startup_stm32f030xc.o(.text)
    .text                                    0x080000e8   Section        0  uidiv.o(.text)
    .text                                    0x08000114   Section        0  idiv.o(.text)
    .text                                    0x0800013c   Section        0  llushr.o(.text)
    .text                                    0x0800015e   Section        0  uldiv.o(.text)
    .text                                    0x080001be   Section        0  iusefp.o(.text)
    .text                                    0x080001c0   Section        0  dadd.o(.text)
    .text                                    0x08000324   Section        0  dmul.o(.text)
    .text                                    0x080003f4   Section        0  ddiv.o(.text)
    .text                                    0x080004e4   Section        0  dfixul.o(.text)
    .text                                    0x08000524   Section       40  cdrcmple.o(.text)
    .text                                    0x0800054c   Section       36  init.o(.text)
    .text                                    0x08000570   Section        0  llshl.o(.text)
    .text                                    0x08000590   Section        0  llsshr.o(.text)
    .text                                    0x080005b6   Section        0  depilogue.o(.text)
    i.ADC_Enable                             0x08000674   Section        0  stm32f0xx_hal_adc.o(i.ADC_Enable)
    ADC_Enable                               0x08000675   Thumb Code   120  stm32f0xx_hal_adc.o(i.ADC_Enable)
    i.DMA1_Channel1_IRQHandler               0x080006f8   Section        0  stm32f0xx_it.o(i.DMA1_Channel1_IRQHandler)
    i.DMA1_Channel2_3_IRQHandler             0x08000708   Section        0  stm32f0xx_it.o(i.DMA1_Channel2_3_IRQHandler)
    i.DMA1_Channel4_5_IRQHandler             0x08000720   Section        0  stm32f0xx_it.o(i.DMA1_Channel4_5_IRQHandler)
    i.DMA_CalcBaseAndBitshift                0x08000738   Section        0  stm32f0xx_hal_dma.o(i.DMA_CalcBaseAndBitshift)
    DMA_CalcBaseAndBitshift                  0x08000739   Thumb Code    26  stm32f0xx_hal_dma.o(i.DMA_CalcBaseAndBitshift)
    i.Drv_CommIO_Init                        0x0800075c   Section        0  comm_inout.o(i.Drv_CommIO_Init)
    i.Drv_CommIO_TxSend                      0x080007d0   Section        0  comm_inout.o(i.Drv_CommIO_TxSend)
    i.Drv_IR_Error_Recover                   0x0800083c   Section        0  ir.o(i.Drv_IR_Error_Recover)
    i.Drv_IR_GetData                         0x08000870   Section        0  ir.o(i.Drv_IR_GetData)
    i.Drv_IR_Init                            0x0800092c   Section        0  ir.o(i.Drv_IR_Init)
    i.Drv_IR_Receive_DMA_Start               0x08000980   Section        0  ir.o(i.Drv_IR_Receive_DMA_Start)
    i.Drv_LED_ColorLEDCtrl                   0x080009a0   Section        0  led.o(i.Drv_LED_ColorLEDCtrl)
    i.Drv_LED_CtrlSet                        0x080009c0   Section        0  led.o(i.Drv_LED_CtrlSet)
    i.Drv_LED_DisplayClear                   0x080009e0   Section        0  led.o(i.Drv_LED_DisplayClear)
    i.Drv_LED_Init                           0x080009fc   Section        0  led.o(i.Drv_LED_Init)
    i.Drv_LED_NumDisplay                     0x08000a20   Section        0  led.o(i.Drv_LED_NumDisplay)
    i.Drv_Temp_ADC_Enable                    0x08000a48   Section        0  temperature.o(i.Drv_Temp_ADC_Enable)
    i.FanInit                                0x08000a78   Section        0  fan_ctrl.o(i.FanInit)
    i.FanSetLevel                            0x08000b90   Section        0  fan_ctrl.o(i.FanSetLevel)
    i.FanStart                               0x08000c0c   Section        0  fan_ctrl.o(i.FanStart)
    i.HAL_ADCEx_Calibration_Start            0x08000c60   Section        0  stm32f0xx_hal_adc_ex.o(i.HAL_ADCEx_Calibration_Start)
    i.HAL_ADC_ConfigChannel                  0x08000d10   Section        0  stm32f0xx_hal_adc.o(i.HAL_ADC_ConfigChannel)
    i.HAL_ADC_Init                           0x08000e20   Section        0  stm32f0xx_hal_adc.o(i.HAL_ADC_Init)
    i.HAL_ADC_MspInit                        0x08000f94   Section        0  stm32f0xx_hal_msp.o(i.HAL_ADC_MspInit)
    i.HAL_ADC_Start                          0x08000fe4   Section        0  stm32f0xx_hal_adc.o(i.HAL_ADC_Start)
    i.HAL_CRCEx_Init                         0x08001040   Section        0  stm32f0xx_hal_crc_ex.o(i.HAL_CRCEx_Init)
    i.HAL_CRC_Init                           0x08001044   Section        0  stm32f0xx_hal_crc.o(i.HAL_CRC_Init)
    i.HAL_CRC_MspInit                        0x080010a0   Section        0  stm32f0xx_hal_msp.o(i.HAL_CRC_MspInit)
    i.HAL_DMA_DeInit                         0x080010c4   Section        0  stm32f0xx_hal_dma.o(i.HAL_DMA_DeInit)
    i.HAL_DMA_IRQHandler                     0x08001106   Section        0  stm32f0xx_hal_dma.o(i.HAL_DMA_IRQHandler)
    i.HAL_DMA_Init                           0x080011a4   Section        0  stm32f0xx_hal_dma.o(i.HAL_DMA_Init)
    i.HAL_Delay                              0x080011fc   Section        0  stm32f0xx_hal.o(i.HAL_Delay)
    i.HAL_GPIO_DeInit                        0x08001218   Section        0  stm32f0xx_hal_gpio.o(i.HAL_GPIO_DeInit)
    i.HAL_GPIO_Init                          0x080012ec   Section        0  stm32f0xx_hal_gpio.o(i.HAL_GPIO_Init)
    i.HAL_GPIO_WritePin                      0x08001434   Section        0  stm32f0xx_hal_gpio.o(i.HAL_GPIO_WritePin)
    i.HAL_GetTick                            0x08001440   Section        0  stm32f0xx_hal.o(i.HAL_GetTick)
    i.HAL_HalfDuplex_Init                    0x0800144c   Section        0  stm32f0xx_hal_uart.o(i.HAL_HalfDuplex_Init)
    i.HAL_IncTick                            0x080014b8   Section        0  stm32f0xx_hal.o(i.HAL_IncTick)
    i.HAL_Init                               0x080014c8   Section        0  stm32f0xx_hal.o(i.HAL_Init)
    i.HAL_InitTick                           0x080014e8   Section        0  stm32f0xx_hal.o(i.HAL_InitTick)
    i.HAL_MspInit                            0x0800150c   Section        0  stm32f0xx_hal_msp.o(i.HAL_MspInit)
    i.HAL_NVIC_DisableIRQ                    0x08001544   Section        0  stm32f0xx_hal_cortex.o(i.HAL_NVIC_DisableIRQ)
    i.HAL_NVIC_EnableIRQ                     0x08001558   Section        0  stm32f0xx_hal_cortex.o(i.HAL_NVIC_EnableIRQ)
    i.HAL_NVIC_SetPriority                   0x0800156c   Section        0  stm32f0xx_hal_cortex.o(i.HAL_NVIC_SetPriority)
    i.HAL_RCCEx_PeriphCLKConfig              0x08001574   Section        0  stm32f0xx_hal_rcc_ex.o(i.HAL_RCCEx_PeriphCLKConfig)
    i.HAL_RCC_ClockConfig                    0x0800165c   Section        0  stm32f0xx_hal_rcc.o(i.HAL_RCC_ClockConfig)
    i.HAL_RCC_GetHCLKFreq                    0x08001788   Section        0  stm32f0xx_hal_rcc.o(i.HAL_RCC_GetHCLKFreq)
    i.HAL_RCC_GetPCLK1Freq                   0x08001794   Section        0  stm32f0xx_hal_rcc.o(i.HAL_RCC_GetPCLK1Freq)
    i.HAL_RCC_GetSysClockFreq                0x080017b4   Section        0  stm32f0xx_hal_rcc.o(i.HAL_RCC_GetSysClockFreq)
    i.HAL_RCC_OscConfig                      0x08001824   Section        0  stm32f0xx_hal_rcc.o(i.HAL_RCC_OscConfig)
    i.HAL_SYSTICK_CLKSourceConfig            0x08001b80   Section        0  stm32f0xx_hal_cortex.o(i.HAL_SYSTICK_CLKSourceConfig)
    i.HAL_SYSTICK_Callback                   0x08001b98   Section        0  stm32f0xx_hal_cortex.o(i.HAL_SYSTICK_Callback)
    i.HAL_SYSTICK_Config                     0x08001b9c   Section        0  stm32f0xx_hal_cortex.o(i.HAL_SYSTICK_Config)
    i.HAL_SYSTICK_IRQHandler                 0x08001bcc   Section        0  stm32f0xx_hal_cortex.o(i.HAL_SYSTICK_IRQHandler)
    i.HAL_TIMEx_MasterConfigSynchronization  0x08001bd4   Section        0  stm32f0xx_hal_tim_ex.o(i.HAL_TIMEx_MasterConfigSynchronization)
    i.HAL_TIM_Base_Init                      0x08001c1c   Section        0  stm32f0xx_hal_tim.o(i.HAL_TIM_Base_Init)
    i.HAL_TIM_Base_MspInit                   0x08001c50   Section        0  stm32f0xx_hal_msp.o(i.HAL_TIM_Base_MspInit)
    i.HAL_TIM_ConfigClockSource              0x08001d4c   Section        0  stm32f0xx_hal_tim.o(i.HAL_TIM_ConfigClockSource)
    i.HAL_TIM_IC_ConfigChannel               0x08001e3a   Section        0  stm32f0xx_hal_tim.o(i.HAL_TIM_IC_ConfigChannel)
    i.HAL_TIM_IC_Init                        0x08001f5a   Section        0  stm32f0xx_hal_tim.o(i.HAL_TIM_IC_Init)
    i.HAL_TIM_IC_MspInit                     0x08001f8e   Section        0  stm32f0xx_hal_tim.o(i.HAL_TIM_IC_MspInit)
    i.HAL_TIM_MspPostInit                    0x08001f90   Section        0  stm32f0xx_hal_msp.o(i.HAL_TIM_MspPostInit)
    i.HAL_TIM_PWM_ConfigChannel              0x08001fc0   Section        0  stm32f0xx_hal_tim.o(i.HAL_TIM_PWM_ConfigChannel)
    i.HAL_TIM_PWM_Init                       0x08002090   Section        0  stm32f0xx_hal_tim.o(i.HAL_TIM_PWM_Init)
    i.HAL_TIM_PWM_MspInit                    0x080020c4   Section        0  stm32f0xx_hal_tim.o(i.HAL_TIM_PWM_MspInit)
    i.HAL_TIM_SlaveConfigSynchronization     0x080020c6   Section        0  stm32f0xx_hal_tim.o(i.HAL_TIM_SlaveConfigSynchronization)
    i.HAL_UART_DeInit                        0x08002102   Section        0  stm32f0xx_hal_uart.o(i.HAL_UART_DeInit)
    i.HAL_UART_Init                          0x08002140   Section        0  stm32f0xx_hal_uart.o(i.HAL_UART_Init)
    i.HAL_UART_MspDeInit                     0x080021ac   Section        0  stm32f0xx_hal_msp.o(i.HAL_UART_MspDeInit)
    i.HAL_UART_MspInit                       0x08002248   Section        0  stm32f0xx_hal_msp.o(i.HAL_UART_MspInit)
    i.HAL_UART_Transmit                      0x08002464   Section        0  stm32f0xx_hal_uart.o(i.HAL_UART_Transmit)
    i.HardFault_Handler                      0x0800252c   Section        0  stm32f0xx_it.o(i.HardFault_Handler)
    i.IR_ByteDecode                          0x0800252e   Section        0  ir.o(i.IR_ByteDecode)
    IR_ByteDecode                            0x0800252f   Thumb Code    84  ir.o(i.IR_ByteDecode)
    i.IR_Decode                              0x08002584   Section        0  ir.o(i.IR_Decode)
    IR_Decode                                0x08002585   Thumb Code   478  ir.o(i.IR_Decode)
    i.MX_ADC_Init                            0x08002768   Section        0  main.o(i.MX_ADC_Init)
    MX_ADC_Init                              0x08002769   Thumb Code   136  main.o(i.MX_ADC_Init)
    i.MX_CRC_Init                            0x0800280c   Section        0  main.o(i.MX_CRC_Init)
    MX_CRC_Init                              0x0800280d   Thumb Code    56  main.o(i.MX_CRC_Init)
    i.MX_GPIO_Init                           0x08002860   Section        0  main.o(i.MX_GPIO_Init)
    MX_GPIO_Init                             0x08002861   Thumb Code   196  main.o(i.MX_GPIO_Init)
    i.MX_TIM14_Init                          0x08002938   Section        0  main.o(i.MX_TIM14_Init)
    MX_TIM14_Init                            0x08002939   Thumb Code    98  main.o(i.MX_TIM14_Init)
    i.MX_TIM15_Init                          0x080029ac   Section        0  main.o(i.MX_TIM15_Init)
    MX_TIM15_Init                            0x080029ad   Thumb Code   196  main.o(i.MX_TIM15_Init)
    i.MX_TIM3_Init                           0x08002a90   Section        0  main.o(i.MX_TIM3_Init)
    MX_TIM3_Init                             0x08002a91   Thumb Code   172  main.o(i.MX_TIM3_Init)
    i.MX_USART1_UART_Init                    0x08002b5c   Section        0  main.o(i.MX_USART1_UART_Init)
    MX_USART1_UART_Init                      0x08002b5d   Thumb Code    62  main.o(i.MX_USART1_UART_Init)
    i.MX_USART2_UART_Init                    0x08002bac   Section        0  main.o(i.MX_USART2_UART_Init)
    MX_USART2_UART_Init                      0x08002bad   Thumb Code    52  main.o(i.MX_USART2_UART_Init)
    i.MX_USART3_UART_Init                    0x08002bf0   Section        0  main.o(i.MX_USART3_UART_Init)
    MX_USART3_UART_Init                      0x08002bf1   Thumb Code    62  main.o(i.MX_USART3_UART_Init)
    i.MX_USART6_UART_Init                    0x08002c3c   Section        0  main.o(i.MX_USART6_UART_Init)
    MX_USART6_UART_Init                      0x08002c3d   Thumb Code    52  main.o(i.MX_USART6_UART_Init)
    i.NMI_Handler                            0x08002c80   Section        0  stm32f0xx_it.o(i.NMI_Handler)
    i.NVIC_SetPriority                       0x08002c84   Section        0  stm32f0xx_hal_cortex.o(i.NVIC_SetPriority)
    NVIC_SetPriority                         0x08002c85   Thumb Code    60  stm32f0xx_hal_cortex.o(i.NVIC_SetPriority)
    i.PendSV_Handler                         0x08002cc8   Section        0  stm32f0xx_it.o(i.PendSV_Handler)
    i.SVC_Handler                            0x08002cca   Section        0  stm32f0xx_it.o(i.SVC_Handler)
    i.SendDataToLEDDriver                    0x08002ccc   Section        0  led.o(i.SendDataToLEDDriver)
    SendDataToLEDDriver                      0x08002ccd   Thumb Code    44  led.o(i.SendDataToLEDDriver)
    i.SysTick_Handler                        0x08002d04   Section        0  stm32f0xx_it.o(i.SysTick_Handler)
    i.SystemClock_Config                     0x08002d10   Section        0  main.o(i.SystemClock_Config)
    i.SystemInit                             0x08002dac   Section        0  system_stm32f0xx.o(i.SystemInit)
    i.TIM_Base_SetConfig                     0x08002e08   Section        0  stm32f0xx_hal_tim.o(i.TIM_Base_SetConfig)
    i.TIM_ETR_SetConfig                      0x08002e90   Section        0  stm32f0xx_hal_tim.o(i.TIM_ETR_SetConfig)
    i.TIM_ITRx_SetConfig                     0x08002ea6   Section        0  stm32f0xx_hal_tim.o(i.TIM_ITRx_SetConfig)
    TIM_ITRx_SetConfig                       0x08002ea7   Thumb Code    16  stm32f0xx_hal_tim.o(i.TIM_ITRx_SetConfig)
    i.TIM_OC1_SetConfig                      0x08002eb8   Section        0  stm32f0xx_hal_tim.o(i.TIM_OC1_SetConfig)
    TIM_OC1_SetConfig                        0x08002eb9   Thumb Code   120  stm32f0xx_hal_tim.o(i.TIM_OC1_SetConfig)
    i.TIM_OC2_SetConfig                      0x08002f40   Section        0  stm32f0xx_hal_tim.o(i.TIM_OC2_SetConfig)
    i.TIM_OC3_SetConfig                      0x08002fc0   Section        0  stm32f0xx_hal_tim.o(i.TIM_OC3_SetConfig)
    TIM_OC3_SetConfig                        0x08002fc1   Thumb Code   114  stm32f0xx_hal_tim.o(i.TIM_OC3_SetConfig)
    i.TIM_OC4_SetConfig                      0x08003044   Section        0  stm32f0xx_hal_tim.o(i.TIM_OC4_SetConfig)
    TIM_OC4_SetConfig                        0x08003045   Thumb Code    90  stm32f0xx_hal_tim.o(i.TIM_OC4_SetConfig)
    i.TIM_SlaveTimer_SetConfig               0x080030b0   Section        0  stm32f0xx_hal_tim.o(i.TIM_SlaveTimer_SetConfig)
    TIM_SlaveTimer_SetConfig                 0x080030b1   Thumb Code   122  stm32f0xx_hal_tim.o(i.TIM_SlaveTimer_SetConfig)
    i.TIM_TI1_ConfigInputStage               0x0800312a   Section        0  stm32f0xx_hal_tim.o(i.TIM_TI1_ConfigInputStage)
    TIM_TI1_ConfigInputStage                 0x0800312b   Thumb Code    34  stm32f0xx_hal_tim.o(i.TIM_TI1_ConfigInputStage)
    i.TIM_TI1_SetConfig                      0x0800314c   Section        0  stm32f0xx_hal_tim.o(i.TIM_TI1_SetConfig)
    i.TIM_TI2_ConfigInputStage               0x0800319c   Section        0  stm32f0xx_hal_tim.o(i.TIM_TI2_ConfigInputStage)
    TIM_TI2_ConfigInputStage                 0x0800319d   Thumb Code    38  stm32f0xx_hal_tim.o(i.TIM_TI2_ConfigInputStage)
    i.TIM_TI2_SetConfig                      0x080031c2   Section        0  stm32f0xx_hal_tim.o(i.TIM_TI2_SetConfig)
    TIM_TI2_SetConfig                        0x080031c3   Thumb Code    52  stm32f0xx_hal_tim.o(i.TIM_TI2_SetConfig)
    i.UART_AdvFeatureConfig                  0x080031f6   Section        0  stm32f0xx_hal_uart.o(i.UART_AdvFeatureConfig)
    i.UART_CheckIdleState                    0x080032c0   Section        0  stm32f0xx_hal_uart.o(i.UART_CheckIdleState)
    i.UART_PRINT                             0x080032d4   Section        0  main.o(i.UART_PRINT)
    i.UART_SetConfig                         0x08003304   Section        0  stm32f0xx_hal_uart.o(i.UART_SetConfig)
    i.UART_WaitOnFlagUntilTimeout            0x0800345c   Section        0  stm32f0xx_hal_uart.o(i.UART_WaitOnFlagUntilTimeout)
    i._Error_Handler                         0x080034c0   Section        0  main.o(i._Error_Handler)
    i._FanConfig                             0x080034e0   Section        0  fan_ctrl.o(i._FanConfig)
    i.__0vsnprintf                           0x080034f8   Section        0  printfa.o(i.__0vsnprintf)
    i.__ARM_clz                              0x08003524   Section        0  depilogue.o(i.__ARM_clz)
    i.__ARM_common_switch8                   0x08003552   Section        0  stm32f0xx_hal_tim.o(i.__ARM_common_switch8)
    i.__scatterload_copy                     0x0800356c   Section       14  handlers.o(i.__scatterload_copy)
    i.__scatterload_null                     0x0800357a   Section        2  handlers.o(i.__scatterload_null)
    i.__scatterload_zeroinit                 0x0800357c   Section       14  handlers.o(i.__scatterload_zeroinit)
    i._fp_digits                             0x0800358c   Section        0  printfa.o(i._fp_digits)
    _fp_digits                               0x0800358d   Thumb Code   344  printfa.o(i._fp_digits)
    i._printf_core                           0x08003700   Section        0  printfa.o(i._printf_core)
    _printf_core                             0x08003701   Thumb Code  1754  printfa.o(i._printf_core)
    i._printf_post_padding                   0x08003dec   Section        0  printfa.o(i._printf_post_padding)
    _printf_post_padding                     0x08003ded   Thumb Code    32  printfa.o(i._printf_post_padding)
    i._printf_pre_padding                    0x08003e0c   Section        0  printfa.o(i._printf_pre_padding)
    _printf_pre_padding                      0x08003e0d   Thumb Code    44  printfa.o(i._printf_pre_padding)
    i._snputc                                0x08003e38   Section        0  printfa.o(i._snputc)
    _snputc                                  0x08003e39   Thumb Code    22  printfa.o(i._snputc)
    i.main                                   0x08003e50   Section        0  main.o(i.main)
    i.step_ccw                               0x08004550   Section        0  step_ctrl.o(i.step_ccw)
    i.step_cw                                0x0800462c   Section        0  step_ctrl.o(i.step_cw)
    .constdata                               0x0800470c   Section       16  system_stm32f0xx.o(.constdata)
    .constdata                               0x0800471c   Section        8  system_stm32f0xx.o(.constdata)
    .constdata                               0x08004724   Section       10  led.o(.constdata)
    .data                                    0x20000000   Section        4  stm32f0xx_hal.o(.data)
    .data                                    0x20000004   Section        4  system_stm32f0xx.o(.data)
    .data                                    0x20000008   Section        4  led.o(.data)
    gu8Data                                  0x20000008   Data           4  led.o(.data)
    .data                                    0x2000000c   Section       12  ir.o(.data)
    gu32CNDTR_Cur                            0x2000000c   Data           4  ir.o(.data)
    gu32CNDTR_Pre                            0x20000010   Data           4  ir.o(.data)
    gu32Tick_Pre                             0x20000014   Data           4  ir.o(.data)
    .data                                    0x20000018   Section        4  fan_ctrl.o(.data)
    .bss                                     0x2000001c   Section     1008  main.o(.bss)
    strBuff                                  0x2000001c   Data         256  main.o(.bss)
    .bss                                     0x2000040c   Section       68  main.o(.bss)
    .bss                                     0x20000450   Section       68  main.o(.bss)
    .bss                                     0x20000494   Section       68  main.o(.bss)
    .bss                                     0x200004d8   Section       68  main.o(.bss)
    .bss                                     0x2000051c   Section       68  main.o(.bss)
    .bss                                     0x20000560   Section      600  ir.o(.bss)
    IR_BUF                                   0x20000560   Data         536  ir.o(.bss)
    gstUnData                                0x20000778   Data          32  ir.o(.bss)
    gstData                                  0x20000798   Data          32  ir.o(.bss)
    STACK                                    0x200007b8   Section     1024  startup_stm32f030xc.o(STACK)

    Global Symbols

    Symbol Name                              Value     Ov Type        Size  Object(Section)

    BuildAttributes$$THM_ISAv3M$S$PE$A:L22$X:L11$S22$IEEE1$IW$USESV6$~STKCKD$USESV7$~SHL$OSPACE$ROPI$EBA8$MICROLIB$REQ8$PRES8$EABIv2 0x00000000   Number         0  anon$$obj.o ABSOLUTE
    __ARM_use_no_argv                        0x00000000   Number         0  main.o ABSOLUTE
    __cpp_initialize__aeabi_                  - Undefined Weak Reference
    __cxa_finalize                            - Undefined Weak Reference
    __decompress                              - Undefined Weak Reference
    _clock_init                               - Undefined Weak Reference
    _microlib_exit                            - Undefined Weak Reference
    __Vectors_Size                           0x000000b8   Number         0  startup_stm32f030xc.o ABSOLUTE
    __Vectors                                0x08000000   Data           4  startup_stm32f030xc.o(RESET)
    __Vectors_End                            0x080000b8   Data           0  startup_stm32f030xc.o(RESET)
    __main                                   0x080000b9   Thumb Code     0  entry.o(.ARM.Collect$$$$00000000)
    _main_stk                                0x080000b9   Thumb Code     0  entry2.o(.ARM.Collect$$$$00000001)
    _main_scatterload                        0x080000bd   Thumb Code     0  entry5.o(.ARM.Collect$$$$00000004)
    __main_after_scatterload                 0x080000c1   Thumb Code     0  entry5.o(.ARM.Collect$$$$00000004)
    _main_clock                              0x080000c1   Thumb Code     0  entry7b.o(.ARM.Collect$$$$00000008)
    _main_cpp_init                           0x080000c1   Thumb Code     0  entry8b.o(.ARM.Collect$$$$0000000A)
    _main_init                               0x080000c1   Thumb Code     0  entry9a.o(.ARM.Collect$$$$0000000B)
    __rt_final_cpp                           0x080000c9   Thumb Code     0  entry10a.o(.ARM.Collect$$$$0000000D)
    __rt_final_exit                          0x080000c9   Thumb Code     0  entry11a.o(.ARM.Collect$$$$0000000F)
    Reset_Handler                            0x080000cd   Thumb Code     8  startup_stm32f030xc.o(.text)
    ADC1_IRQHandler                          0x080000df   Thumb Code     0  startup_stm32f030xc.o(.text)
    EXTI0_1_IRQHandler                       0x080000df   Thumb Code     0  startup_stm32f030xc.o(.text)
    EXTI2_3_IRQHandler                       0x080000df   Thumb Code     0  startup_stm32f030xc.o(.text)
    EXTI4_15_IRQHandler                      0x080000df   Thumb Code     0  startup_stm32f030xc.o(.text)
    FLASH_IRQHandler                         0x080000df   Thumb Code     0  startup_stm32f030xc.o(.text)
    I2C1_IRQHandler                          0x080000df   Thumb Code     0  startup_stm32f030xc.o(.text)
    I2C2_IRQHandler                          0x080000df   Thumb Code     0  startup_stm32f030xc.o(.text)
    RCC_IRQHandler                           0x080000df   Thumb Code     0  startup_stm32f030xc.o(.text)
    RTC_IRQHandler                           0x080000df   Thumb Code     0  startup_stm32f030xc.o(.text)
    SPI1_IRQHandler                          0x080000df   Thumb Code     0  startup_stm32f030xc.o(.text)
    SPI2_IRQHandler                          0x080000df   Thumb Code     0  startup_stm32f030xc.o(.text)
    TIM14_IRQHandler                         0x080000df   Thumb Code     0  startup_stm32f030xc.o(.text)
    TIM15_IRQHandler                         0x080000df   Thumb Code     0  startup_stm32f030xc.o(.text)
    TIM16_IRQHandler                         0x080000df   Thumb Code     0  startup_stm32f030xc.o(.text)
    TIM17_IRQHandler                         0x080000df   Thumb Code     0  startup_stm32f030xc.o(.text)
    TIM1_BRK_UP_TRG_COM_IRQHandler           0x080000df   Thumb Code     0  startup_stm32f030xc.o(.text)
    TIM1_CC_IRQHandler                       0x080000df   Thumb Code     0  startup_stm32f030xc.o(.text)
    TIM3_IRQHandler                          0x080000df   Thumb Code     0  startup_stm32f030xc.o(.text)
    TIM6_IRQHandler                          0x080000df   Thumb Code     0  startup_stm32f030xc.o(.text)
    TIM7_IRQHandler                          0x080000df   Thumb Code     0  startup_stm32f030xc.o(.text)
    USART1_IRQHandler                        0x080000df   Thumb Code     0  startup_stm32f030xc.o(.text)
    USART2_IRQHandler                        0x080000df   Thumb Code     0  startup_stm32f030xc.o(.text)
    USART3_6_IRQHandler                      0x080000df   Thumb Code     0  startup_stm32f030xc.o(.text)
    WWDG_IRQHandler                          0x080000df   Thumb Code     0  startup_stm32f030xc.o(.text)
    __aeabi_uidiv                            0x080000e9   Thumb Code     0  uidiv.o(.text)
    __aeabi_uidivmod                         0x080000e9   Thumb Code    44  uidiv.o(.text)
    __aeabi_idiv                             0x08000115   Thumb Code     0  idiv.o(.text)
    __aeabi_idivmod                          0x08000115   Thumb Code    40  idiv.o(.text)
    __aeabi_llsr                             0x0800013d   Thumb Code    34  llushr.o(.text)
    _ll_ushift_r                             0x0800013d   Thumb Code     0  llushr.o(.text)
    __aeabi_uldivmod                         0x0800015f   Thumb Code    96  uldiv.o(.text)
    __I$use$fp                               0x080001bf   Thumb Code     0  iusefp.o(.text)
    __aeabi_dadd                             0x080001c1   Thumb Code   328  dadd.o(.text)
    __aeabi_dsub                             0x08000309   Thumb Code    12  dadd.o(.text)
    __aeabi_drsub                            0x08000315   Thumb Code    12  dadd.o(.text)
    __aeabi_dmul                             0x08000325   Thumb Code   202  dmul.o(.text)
    __aeabi_ddiv                             0x080003f5   Thumb Code   234  ddiv.o(.text)
    __aeabi_d2ulz                            0x080004e5   Thumb Code    54  dfixul.o(.text)
    __aeabi_cdrcmple                         0x08000525   Thumb Code    38  cdrcmple.o(.text)
    __scatterload                            0x0800054d   Thumb Code    28  init.o(.text)
    __scatterload_rt2                        0x0800054d   Thumb Code     0  init.o(.text)
    __aeabi_llsl                             0x08000571   Thumb Code    32  llshl.o(.text)
    _ll_shift_l                              0x08000571   Thumb Code     0  llshl.o(.text)
    __aeabi_lasr                             0x08000591   Thumb Code    38  llsshr.o(.text)
    _ll_sshift_r                             0x08000591   Thumb Code     0  llsshr.o(.text)
    _double_round                            0x080005b7   Thumb Code    26  depilogue.o(.text)
    _double_epilogue                         0x080005d1   Thumb Code   164  depilogue.o(.text)
    DMA1_Channel1_IRQHandler                 0x080006f9   Thumb Code    10  stm32f0xx_it.o(i.DMA1_Channel1_IRQHandler)
    DMA1_Channel2_3_IRQHandler               0x08000709   Thumb Code    16  stm32f0xx_it.o(i.DMA1_Channel2_3_IRQHandler)
    DMA1_Channel4_5_IRQHandler               0x08000721   Thumb Code    16  stm32f0xx_it.o(i.DMA1_Channel4_5_IRQHandler)
    Drv_CommIO_Init                          0x0800075d   Thumb Code   100  comm_inout.o(i.Drv_CommIO_Init)
    Drv_CommIO_TxSend                        0x080007d1   Thumb Code    86  comm_inout.o(i.Drv_CommIO_TxSend)
    Drv_IR_Error_Recover                     0x0800083d   Thumb Code    40  ir.o(i.Drv_IR_Error_Recover)
    Drv_IR_GetData                           0x08000871   Thumb Code   164  ir.o(i.Drv_IR_GetData)
    Drv_IR_Init                              0x0800092d   Thumb Code    66  ir.o(i.Drv_IR_Init)
    Drv_IR_Receive_DMA_Start                 0x08000981   Thumb Code    22  ir.o(i.Drv_IR_Receive_DMA_Start)
    Drv_LED_ColorLEDCtrl                     0x080009a1   Thumb Code    26  led.o(i.Drv_LED_ColorLEDCtrl)
    Drv_LED_CtrlSet                          0x080009c1   Thumb Code    26  led.o(i.Drv_LED_CtrlSet)
    Drv_LED_DisplayClear                     0x080009e1   Thumb Code    24  led.o(i.Drv_LED_DisplayClear)
    Drv_LED_Init                             0x080009fd   Thumb Code    28  led.o(i.Drv_LED_Init)
    Drv_LED_NumDisplay                       0x08000a21   Thumb Code    32  led.o(i.Drv_LED_NumDisplay)
    Drv_Temp_ADC_Enable                      0x08000a49   Thumb Code    40  temperature.o(i.Drv_Temp_ADC_Enable)
    FanInit                                  0x08000a79   Thumb Code   112  fan_ctrl.o(i.FanInit)
    FanSetLevel                              0x08000b91   Thumb Code   116  fan_ctrl.o(i.FanSetLevel)
    FanStart                                 0x08000c0d   Thumb Code    70  fan_ctrl.o(i.FanStart)
    HAL_ADCEx_Calibration_Start              0x08000c61   Thumb Code   176  stm32f0xx_hal_adc_ex.o(i.HAL_ADCEx_Calibration_Start)
    HAL_ADC_ConfigChannel                    0x08000d11   Thumb Code   254  stm32f0xx_hal_adc.o(i.HAL_ADC_ConfigChannel)
    HAL_ADC_Init                             0x08000e21   Thumb Code   364  stm32f0xx_hal_adc.o(i.HAL_ADC_Init)
    HAL_ADC_MspInit                          0x08000f95   Thumb Code    64  stm32f0xx_hal_msp.o(i.HAL_ADC_MspInit)
    HAL_ADC_Start                            0x08000fe5   Thumb Code    86  stm32f0xx_hal_adc.o(i.HAL_ADC_Start)
    HAL_CRCEx_Init                           0x08001041   Thumb Code     4  stm32f0xx_hal_crc_ex.o(i.HAL_CRCEx_Init)
    HAL_CRC_Init                             0x08001045   Thumb Code    92  stm32f0xx_hal_crc.o(i.HAL_CRC_Init)
    HAL_CRC_MspInit                          0x080010a1   Thumb Code    28  stm32f0xx_hal_msp.o(i.HAL_CRC_MspInit)
    HAL_DMA_DeInit                           0x080010c5   Thumb Code    66  stm32f0xx_hal_dma.o(i.HAL_DMA_DeInit)
    HAL_DMA_IRQHandler                       0x08001107   Thumb Code   156  stm32f0xx_hal_dma.o(i.HAL_DMA_IRQHandler)
    HAL_DMA_Init                             0x080011a5   Thumb Code    84  stm32f0xx_hal_dma.o(i.HAL_DMA_Init)
    HAL_Delay                                0x080011fd   Thumb Code    28  stm32f0xx_hal.o(i.HAL_Delay)
    HAL_GPIO_DeInit                          0x08001219   Thumb Code   192  stm32f0xx_hal_gpio.o(i.HAL_GPIO_DeInit)
    HAL_GPIO_Init                            0x080012ed   Thumb Code   302  stm32f0xx_hal_gpio.o(i.HAL_GPIO_Init)
    HAL_GPIO_WritePin                        0x08001435   Thumb Code    12  stm32f0xx_hal_gpio.o(i.HAL_GPIO_WritePin)
    HAL_GetTick                              0x08001441   Thumb Code     6  stm32f0xx_hal.o(i.HAL_GetTick)
    HAL_HalfDuplex_Init                      0x0800144d   Thumb Code   108  stm32f0xx_hal_uart.o(i.HAL_HalfDuplex_Init)
    HAL_IncTick                              0x080014b9   Thumb Code    10  stm32f0xx_hal.o(i.HAL_IncTick)
    HAL_Init                                 0x080014c9   Thumb Code    26  stm32f0xx_hal.o(i.HAL_Init)
    HAL_InitTick                             0x080014e9   Thumb Code    34  stm32f0xx_hal.o(i.HAL_InitTick)
    HAL_MspInit                              0x0800150d   Thumb Code    50  stm32f0xx_hal_msp.o(i.HAL_MspInit)
    HAL_NVIC_DisableIRQ                      0x08001545   Thumb Code    14  stm32f0xx_hal_cortex.o(i.HAL_NVIC_DisableIRQ)
    HAL_NVIC_EnableIRQ                       0x08001559   Thumb Code    14  stm32f0xx_hal_cortex.o(i.HAL_NVIC_EnableIRQ)
    HAL_NVIC_SetPriority                     0x0800156d   Thumb Code     8  stm32f0xx_hal_cortex.o(i.HAL_NVIC_SetPriority)
    HAL_RCCEx_PeriphCLKConfig                0x08001575   Thumb Code   218  stm32f0xx_hal_rcc_ex.o(i.HAL_RCCEx_PeriphCLKConfig)
    HAL_RCC_ClockConfig                      0x0800165d   Thumb Code   280  stm32f0xx_hal_rcc.o(i.HAL_RCC_ClockConfig)
    HAL_RCC_GetHCLKFreq                      0x08001789   Thumb Code     6  stm32f0xx_hal_rcc.o(i.HAL_RCC_GetHCLKFreq)
    HAL_RCC_GetPCLK1Freq                     0x08001795   Thumb Code    20  stm32f0xx_hal_rcc.o(i.HAL_RCC_GetPCLK1Freq)
    HAL_RCC_GetSysClockFreq                  0x080017b5   Thumb Code    70  stm32f0xx_hal_rcc.o(i.HAL_RCC_GetSysClockFreq)
    HAL_RCC_OscConfig                        0x08001825   Thumb Code   846  stm32f0xx_hal_rcc.o(i.HAL_RCC_OscConfig)
    HAL_SYSTICK_CLKSourceConfig              0x08001b81   Thumb Code    20  stm32f0xx_hal_cortex.o(i.HAL_SYSTICK_CLKSourceConfig)
    HAL_SYSTICK_Callback                     0x08001b99   Thumb Code     2  stm32f0xx_hal_cortex.o(i.HAL_SYSTICK_Callback)
    HAL_SYSTICK_Config                       0x08001b9d   Thumb Code    38  stm32f0xx_hal_cortex.o(i.HAL_SYSTICK_Config)
    HAL_SYSTICK_IRQHandler                   0x08001bcd   Thumb Code     8  stm32f0xx_hal_cortex.o(i.HAL_SYSTICK_IRQHandler)
    HAL_TIMEx_MasterConfigSynchronization    0x08001bd5   Thumb Code    72  stm32f0xx_hal_tim_ex.o(i.HAL_TIMEx_MasterConfigSynchronization)
    HAL_TIM_Base_Init                        0x08001c1d   Thumb Code    52  stm32f0xx_hal_tim.o(i.HAL_TIM_Base_Init)
    HAL_TIM_Base_MspInit                     0x08001c51   Thumb Code   194  stm32f0xx_hal_msp.o(i.HAL_TIM_Base_MspInit)
    HAL_TIM_ConfigClockSource                0x08001d4d   Thumb Code   238  stm32f0xx_hal_tim.o(i.HAL_TIM_ConfigClockSource)
    HAL_TIM_IC_ConfigChannel                 0x08001e3b   Thumb Code   288  stm32f0xx_hal_tim.o(i.HAL_TIM_IC_ConfigChannel)
    HAL_TIM_IC_Init                          0x08001f5b   Thumb Code    52  stm32f0xx_hal_tim.o(i.HAL_TIM_IC_Init)
    HAL_TIM_IC_MspInit                       0x08001f8f   Thumb Code     2  stm32f0xx_hal_tim.o(i.HAL_TIM_IC_MspInit)
    HAL_TIM_MspPostInit                      0x08001f91   Thumb Code    44  stm32f0xx_hal_msp.o(i.HAL_TIM_MspPostInit)
    HAL_TIM_PWM_ConfigChannel                0x08001fc1   Thumb Code   208  stm32f0xx_hal_tim.o(i.HAL_TIM_PWM_ConfigChannel)
    HAL_TIM_PWM_Init                         0x08002091   Thumb Code    52  stm32f0xx_hal_tim.o(i.HAL_TIM_PWM_Init)
    HAL_TIM_PWM_MspInit                      0x080020c5   Thumb Code     2  stm32f0xx_hal_tim.o(i.HAL_TIM_PWM_MspInit)
    HAL_TIM_SlaveConfigSynchronization       0x080020c7   Thumb Code    60  stm32f0xx_hal_tim.o(i.HAL_TIM_SlaveConfigSynchronization)
    HAL_UART_DeInit                          0x08002103   Thumb Code    62  stm32f0xx_hal_uart.o(i.HAL_UART_DeInit)
    HAL_UART_Init                            0x08002141   Thumb Code   108  stm32f0xx_hal_uart.o(i.HAL_UART_Init)
    HAL_UART_MspDeInit                       0x080021ad   Thumb Code   126  stm32f0xx_hal_msp.o(i.HAL_UART_MspDeInit)
    HAL_UART_MspInit                         0x08002249   Thumb Code   462  stm32f0xx_hal_msp.o(i.HAL_UART_MspInit)
    HAL_UART_Transmit                        0x08002465   Thumb Code   200  stm32f0xx_hal_uart.o(i.HAL_UART_Transmit)
    HardFault_Handler                        0x0800252d   Thumb Code     2  stm32f0xx_it.o(i.HardFault_Handler)
    NMI_Handler                              0x08002c81   Thumb Code     2  stm32f0xx_it.o(i.NMI_Handler)
    PendSV_Handler                           0x08002cc9   Thumb Code     2  stm32f0xx_it.o(i.PendSV_Handler)
    SVC_Handler                              0x08002ccb   Thumb Code     2  stm32f0xx_it.o(i.SVC_Handler)
    SysTick_Handler                          0x08002d05   Thumb Code    12  stm32f0xx_it.o(i.SysTick_Handler)
    SystemClock_Config                       0x08002d11   Thumb Code   140  main.o(i.SystemClock_Config)
    SystemInit                               0x08002dad   Thumb Code    78  system_stm32f0xx.o(i.SystemInit)
    TIM_Base_SetConfig                       0x08002e09   Thumb Code   112  stm32f0xx_hal_tim.o(i.TIM_Base_SetConfig)
    TIM_ETR_SetConfig                        0x08002e91   Thumb Code    22  stm32f0xx_hal_tim.o(i.TIM_ETR_SetConfig)
    TIM_OC2_SetConfig                        0x08002f41   Thumb Code   110  stm32f0xx_hal_tim.o(i.TIM_OC2_SetConfig)
    TIM_TI1_SetConfig                        0x0800314d   Thumb Code    66  stm32f0xx_hal_tim.o(i.TIM_TI1_SetConfig)
    UART_AdvFeatureConfig                    0x080031f7   Thumb Code   202  stm32f0xx_hal_uart.o(i.UART_AdvFeatureConfig)
    UART_CheckIdleState                      0x080032c1   Thumb Code    18  stm32f0xx_hal_uart.o(i.UART_CheckIdleState)
    UART_PRINT                               0x080032d5   Thumb Code    38  main.o(i.UART_PRINT)
    UART_SetConfig                           0x08003305   Thumb Code   304  stm32f0xx_hal_uart.o(i.UART_SetConfig)
    UART_WaitOnFlagUntilTimeout              0x0800345d   Thumb Code    98  stm32f0xx_hal_uart.o(i.UART_WaitOnFlagUntilTimeout)
    _Error_Handler                           0x080034c1   Thumb Code    12  main.o(i._Error_Handler)
    _FanConfig                               0x080034e1   Thumb Code    16  fan_ctrl.o(i._FanConfig)
    __0vsnprintf                             0x080034f9   Thumb Code    40  printfa.o(i.__0vsnprintf)
    __1vsnprintf                             0x080034f9   Thumb Code     0  printfa.o(i.__0vsnprintf)
    __2vsnprintf                             0x080034f9   Thumb Code     0  printfa.o(i.__0vsnprintf)
    __c89vsnprintf                           0x080034f9   Thumb Code     0  printfa.o(i.__0vsnprintf)
    vsnprintf                                0x080034f9   Thumb Code     0  printfa.o(i.__0vsnprintf)
    __ARM_clz                                0x08003525   Thumb Code    46  depilogue.o(i.__ARM_clz)
    __ARM_common_switch8                     0x08003553   Thumb Code    26  stm32f0xx_hal_tim.o(i.__ARM_common_switch8)
    __scatterload_copy                       0x0800356d   Thumb Code    14  handlers.o(i.__scatterload_copy)
    __scatterload_null                       0x0800357b   Thumb Code     2  handlers.o(i.__scatterload_null)
    __scatterload_zeroinit                   0x0800357d   Thumb Code    14  handlers.o(i.__scatterload_zeroinit)
    main                                     0x08003e51   Thumb Code  1758  main.o(i.main)
    step_ccw                                 0x08004551   Thumb Code   210  step_ctrl.o(i.step_ccw)
    step_cw                                  0x0800462d   Thumb Code   214  step_ctrl.o(i.step_cw)
    AHBPrescTable                            0x0800470c   Data          16  system_stm32f0xx.o(.constdata)
    APBPrescTable                            0x0800471c   Data           8  system_stm32f0xx.o(.constdata)
    led_digit                                0x08004724   Data          10  led.o(.constdata)
    Region$$Table$$Base                      0x08004730   Number         0  anon$$obj.o(Region$$Table)
    Region$$Table$$Limit                     0x08004750   Number         0  anon$$obj.o(Region$$Table)
    uwTick                                   0x20000000   Data           4  stm32f0xx_hal.o(.data)
    SystemCoreClock                          0x20000004   Data           4  system_stm32f0xx.o(.data)
    fanLevel                                 0x20000018   Data           2  fan_ctrl.o(.data)
    fanPwmArr                                0x2000001a   Data           2  fan_ctrl.o(.data)
    hadc                                     0x2000011c   Data          76  main.o(.bss)
    hcrc                                     0x20000168   Data          36  main.o(.bss)
    htim3                                    0x2000018c   Data          64  main.o(.bss)
    htim14                                   0x200001cc   Data          64  main.o(.bss)
    htim15                                   0x2000020c   Data          64  main.o(.bss)
    huart1                                   0x2000024c   Data         112  main.o(.bss)
    huart2                                   0x200002bc   Data         112  main.o(.bss)
    huart3                                   0x2000032c   Data         112  main.o(.bss)
    huart6                                   0x2000039c   Data         112  main.o(.bss)
    hdma_tim15_ch1_up_trig_com               0x2000040c   Data          68  main.o(.bss)
    hdma_usart1_rx                           0x20000450   Data          68  main.o(.bss)
    hdma_usart1_tx                           0x20000494   Data          68  main.o(.bss)
    hdma_usart3_tx                           0x200004d8   Data          68  main.o(.bss)
    hdma_usart6_rx                           0x2000051c   Data          68  main.o(.bss)
    __initial_sp                             0x20000bb8   Data           0  startup_stm32f030xc.o(STACK)



==============================================================================

Memory Map of the image

  Image Entry point : 0x080000b9

  Load Region LR_IROM1 (Base: 0x08000000, Size: 0x0000476c, Max: 0x00040000, ABSOLUTE)

    Execution Region ER_IROM1 (Base: 0x08000000, Size: 0x00004750, Max: 0x00040000, ABSOLUTE)

    Base Addr    Size         Type   Attr      Idx    E Section Name        Object

    0x08000000   0x000000b8   Data   RO            3    RESET               startup_stm32f030xc.o
    0x080000b8   0x00000000   Code   RO         3492  * .ARM.Collect$$$$00000000  mc_p.l(entry.o)
    0x080000b8   0x00000004   Code   RO         3531    .ARM.Collect$$$$00000001  mc_p.l(entry2.o)
    0x080000bc   0x00000004   Code   RO         3534    .ARM.Collect$$$$00000004  mc_p.l(entry5.o)
    0x080000c0   0x00000000   Code   RO         3536    .ARM.Collect$$$$00000008  mc_p.l(entry7b.o)
    0x080000c0   0x00000000   Code   RO         3538    .ARM.Collect$$$$0000000A  mc_p.l(entry8b.o)
    0x080000c0   0x00000008   Code   RO         3539    .ARM.Collect$$$$0000000B  mc_p.l(entry9a.o)
    0x080000c8   0x00000000   Code   RO         3541    .ARM.Collect$$$$0000000D  mc_p.l(entry10a.o)
    0x080000c8   0x00000000   Code   RO         3543    .ARM.Collect$$$$0000000F  mc_p.l(entry11a.o)
    0x080000c8   0x00000004   Code   RO         3532    .ARM.Collect$$$$00002712  mc_p.l(entry2.o)
    0x080000cc   0x0000001c   Code   RO            4    .text               startup_stm32f030xc.o
    0x080000e8   0x0000002c   Code   RO         3495    .text               mc_p.l(uidiv.o)
    0x08000114   0x00000028   Code   RO         3497    .text               mc_p.l(idiv.o)
    0x0800013c   0x00000022   Code   RO         3499    .text               mc_p.l(llushr.o)
    0x0800015e   0x00000060   Code   RO         3548    .text               mc_p.l(uldiv.o)
    0x080001be   0x00000000   Code   RO         3550    .text               mc_p.l(iusefp.o)
    0x080001be   0x00000002   PAD
    0x080001c0   0x00000164   Code   RO         3551    .text               mf_p.l(dadd.o)
    0x08000324   0x000000d0   Code   RO         3553    .text               mf_p.l(dmul.o)
    0x080003f4   0x000000f0   Code   RO         3555    .text               mf_p.l(ddiv.o)
    0x080004e4   0x00000040   Code   RO         3557    .text               mf_p.l(dfixul.o)
    0x08000524   0x00000028   Code   RO         3559    .text               mf_p.l(cdrcmple.o)
    0x0800054c   0x00000024   Code   RO         3561    .text               mc_p.l(init.o)
    0x08000570   0x00000020   Code   RO         3564    .text               mc_p.l(llshl.o)
    0x08000590   0x00000026   Code   RO         3566    .text               mc_p.l(llsshr.o)
    0x080005b6   0x000000be   Code   RO         3569    .text               mf_p.l(depilogue.o)
    0x08000674   0x00000084   Code   RO          905    i.ADC_Enable        stm32f0xx_hal_adc.o
    0x080006f8   0x00000010   Code   RO         3134    i.DMA1_Channel1_IRQHandler  stm32f0xx_it.o
    0x08000708   0x00000018   Code   RO         3135    i.DMA1_Channel2_3_IRQHandler  stm32f0xx_it.o
    0x08000720   0x00000018   Code   RO         3136    i.DMA1_Channel4_5_IRQHandler  stm32f0xx_it.o
    0x08000738   0x00000024   Code   RO          758    i.DMA_CalcBaseAndBitshift  stm32f0xx_hal_dma.o
    0x0800075c   0x00000074   Code   RO         3366    i.Drv_CommIO_Init   comm_inout.o
    0x080007d0   0x0000006c   Code   RO         3368    i.Drv_CommIO_TxSend  comm_inout.o
    0x0800083c   0x00000034   Code   RO         3263    i.Drv_IR_Error_Recover  ir.o
    0x08000870   0x000000bc   Code   RO         3264    i.Drv_IR_GetData    ir.o
    0x0800092c   0x00000054   Code   RO         3265    i.Drv_IR_Init       ir.o
    0x08000980   0x00000020   Code   RO         3266    i.Drv_IR_Receive_DMA_Start  ir.o
    0x080009a0   0x00000020   Code   RO         3200    i.Drv_LED_ColorLEDCtrl  led.o
    0x080009c0   0x00000020   Code   RO         3201    i.Drv_LED_CtrlSet   led.o
    0x080009e0   0x0000001c   Code   RO         3202    i.Drv_LED_DisplayClear  led.o
    0x080009fc   0x00000024   Code   RO         3204    i.Drv_LED_Init      led.o
    0x08000a20   0x00000028   Code   RO         3205    i.Drv_LED_NumDisplay  led.o
    0x08000a48   0x00000030   Code   RO         3321    i.Drv_Temp_ADC_Enable  temperature.o
    0x08000a78   0x00000118   Code   RO         3408    i.FanInit           fan_ctrl.o
    0x08000b90   0x0000007c   Code   RO         3409    i.FanSetLevel       fan_ctrl.o
    0x08000c0c   0x00000054   Code   RO         3410    i.FanStart          fan_ctrl.o
    0x08000c60   0x000000b0   Code   RO         2351    i.HAL_ADCEx_Calibration_Start  stm32f0xx_hal_adc_ex.o
    0x08000d10   0x00000110   Code   RO          907    i.HAL_ADC_ConfigChannel  stm32f0xx_hal_adc.o
    0x08000e20   0x00000174   Code   RO          916    i.HAL_ADC_Init      stm32f0xx_hal_adc.o
    0x08000f94   0x00000050   Code   RO         3060    i.HAL_ADC_MspInit   stm32f0xx_hal_msp.o
    0x08000fe4   0x0000005c   Code   RO          922    i.HAL_ADC_Start     stm32f0xx_hal_adc.o
    0x08001040   0x00000004   Code   RO         2873    i.HAL_CRCEx_Init    stm32f0xx_hal_crc_ex.o
    0x08001044   0x0000005c   Code   RO         2813    i.HAL_CRC_Init      stm32f0xx_hal_crc.o
    0x080010a0   0x00000024   Code   RO         3062    i.HAL_CRC_MspInit   stm32f0xx_hal_msp.o
    0x080010c4   0x00000042   Code   RO          762    i.HAL_DMA_DeInit    stm32f0xx_hal_dma.o
    0x08001106   0x0000009c   Code   RO          765    i.HAL_DMA_IRQHandler  stm32f0xx_hal_dma.o
    0x080011a2   0x00000002   PAD
    0x080011a4   0x00000058   Code   RO          766    i.HAL_DMA_Init      stm32f0xx_hal_dma.o
    0x080011fc   0x0000001c   Code   RO         2675    i.HAL_Delay         stm32f0xx_hal.o
    0x08001218   0x000000d4   Code   RO         2197    i.HAL_GPIO_DeInit   stm32f0xx_hal_gpio.o
    0x080012ec   0x00000148   Code   RO         2200    i.HAL_GPIO_Init     stm32f0xx_hal_gpio.o
    0x08001434   0x0000000c   Code   RO         2204    i.HAL_GPIO_WritePin  stm32f0xx_hal_gpio.o
    0x08001440   0x0000000c   Code   RO         2679    i.HAL_GetTick       stm32f0xx_hal.o
    0x0800144c   0x0000006c   Code   RO         1352    i.HAL_HalfDuplex_Init  stm32f0xx_hal_uart.o
    0x080014b8   0x00000010   Code   RO         2683    i.HAL_IncTick       stm32f0xx_hal.o
    0x080014c8   0x00000020   Code   RO         2684    i.HAL_Init          stm32f0xx_hal.o
    0x080014e8   0x00000022   Code   RO         2685    i.HAL_InitTick      stm32f0xx_hal.o
    0x0800150a   0x00000002   PAD
    0x0800150c   0x00000038   Code   RO         3063    i.HAL_MspInit       stm32f0xx_hal_msp.o
    0x08001544   0x00000014   Code   RO         1158    i.HAL_NVIC_DisableIRQ  stm32f0xx_hal_cortex.o
    0x08001558   0x00000014   Code   RO         1159    i.HAL_NVIC_EnableIRQ  stm32f0xx_hal_cortex.o
    0x0800156c   0x00000008   Code   RO         1163    i.HAL_NVIC_SetPriority  stm32f0xx_hal_cortex.o
    0x08001574   0x000000e8   Code   RO          856    i.HAL_RCCEx_PeriphCLKConfig  stm32f0xx_hal_rcc_ex.o
    0x0800165c   0x0000012c   Code   RO         2260    i.HAL_RCC_ClockConfig  stm32f0xx_hal_rcc.o
    0x08001788   0x0000000c   Code   RO         2265    i.HAL_RCC_GetHCLKFreq  stm32f0xx_hal_rcc.o
    0x08001794   0x00000020   Code   RO         2267    i.HAL_RCC_GetPCLK1Freq  stm32f0xx_hal_rcc.o
    0x080017b4   0x00000070   Code   RO         2268    i.HAL_RCC_GetSysClockFreq  stm32f0xx_hal_rcc.o
    0x08001824   0x0000035c   Code   RO         2271    i.HAL_RCC_OscConfig  stm32f0xx_hal_rcc.o
    0x08001b80   0x00000018   Code   RO         1165    i.HAL_SYSTICK_CLKSourceConfig  stm32f0xx_hal_cortex.o
    0x08001b98   0x00000002   Code   RO         1166    i.HAL_SYSTICK_Callback  stm32f0xx_hal_cortex.o
    0x08001b9a   0x00000002   PAD
    0x08001b9c   0x00000030   Code   RO         1167    i.HAL_SYSTICK_Config  stm32f0xx_hal_cortex.o
    0x08001bcc   0x00000008   Code   RO         1168    i.HAL_SYSTICK_IRQHandler  stm32f0xx_hal_cortex.o
    0x08001bd4   0x00000048   Code   RO         2426    i.HAL_TIMEx_MasterConfigSynchronization  stm32f0xx_hal_tim_ex.o
    0x08001c1c   0x00000034   Code   RO           14    i.HAL_TIM_Base_Init  stm32f0xx_hal_tim.o
    0x08001c50   0x000000fc   Code   RO         3065    i.HAL_TIM_Base_MspInit  stm32f0xx_hal_msp.o
    0x08001d4c   0x000000ee   Code   RO           23    i.HAL_TIM_ConfigClockSource  stm32f0xx_hal_tim.o
    0x08001e3a   0x00000120   Code   RO           46    i.HAL_TIM_IC_ConfigChannel  stm32f0xx_hal_tim.o
    0x08001f5a   0x00000034   Code   RO           49    i.HAL_TIM_IC_Init   stm32f0xx_hal_tim.o
    0x08001f8e   0x00000002   Code   RO           51    i.HAL_TIM_IC_MspInit  stm32f0xx_hal_tim.o
    0x08001f90   0x00000030   Code   RO         3066    i.HAL_TIM_MspPostInit  stm32f0xx_hal_msp.o
    0x08001fc0   0x000000d0   Code   RO           82    i.HAL_TIM_PWM_ConfigChannel  stm32f0xx_hal_tim.o
    0x08002090   0x00000034   Code   RO           85    i.HAL_TIM_PWM_Init  stm32f0xx_hal_tim.o
    0x080020c4   0x00000002   Code   RO           87    i.HAL_TIM_PWM_MspInit  stm32f0xx_hal_tim.o
    0x080020c6   0x0000003c   Code   RO           97    i.HAL_TIM_SlaveConfigSynchronization  stm32f0xx_hal_tim.o
    0x08002102   0x0000003e   Code   RO         1369    i.HAL_UART_DeInit   stm32f0xx_hal_uart.o
    0x08002140   0x0000006c   Code   RO         1374    i.HAL_UART_Init     stm32f0xx_hal_uart.o
    0x080021ac   0x0000009c   Code   RO         3067    i.HAL_UART_MspDeInit  stm32f0xx_hal_msp.o
    0x08002248   0x0000021c   Code   RO         3068    i.HAL_UART_MspInit  stm32f0xx_hal_msp.o
    0x08002464   0x000000c8   Code   RO         1382    i.HAL_UART_Transmit  stm32f0xx_hal_uart.o
    0x0800252c   0x00000002   Code   RO         3137    i.HardFault_Handler  stm32f0xx_it.o
    0x0800252e   0x00000054   Code   RO         3268    i.IR_ByteDecode     ir.o
    0x08002582   0x00000002   PAD
    0x08002584   0x000001e4   Code   RO         3269    i.IR_Decode         ir.o
    0x08002768   0x000000a4   Code   RO         2939    i.MX_ADC_Init       main.o
    0x0800280c   0x00000054   Code   RO         2940    i.MX_CRC_Init       main.o
    0x08002860   0x000000d8   Code   RO         2941    i.MX_GPIO_Init      main.o
    0x08002938   0x00000074   Code   RO         2942    i.MX_TIM14_Init     main.o
    0x080029ac   0x000000e4   Code   RO         2943    i.MX_TIM15_Init     main.o
    0x08002a90   0x000000cc   Code   RO         2944    i.MX_TIM3_Init      main.o
    0x08002b5c   0x00000050   Code   RO         2945    i.MX_USART1_UART_Init  main.o
    0x08002bac   0x00000044   Code   RO         2946    i.MX_USART2_UART_Init  main.o
    0x08002bf0   0x0000004c   Code   RO         2947    i.MX_USART3_UART_Init  main.o
    0x08002c3c   0x00000044   Code   RO         2948    i.MX_USART6_UART_Init  main.o
    0x08002c80   0x00000002   Code   RO         3138    i.NMI_Handler       stm32f0xx_it.o
    0x08002c82   0x00000002   PAD
    0x08002c84   0x00000044   Code   RO         1169    i.NVIC_SetPriority  stm32f0xx_hal_cortex.o
    0x08002cc8   0x00000002   Code   RO         3139    i.PendSV_Handler    stm32f0xx_it.o
    0x08002cca   0x00000002   Code   RO         3140    i.SVC_Handler       stm32f0xx_it.o
    0x08002ccc   0x00000038   Code   RO         3206    i.SendDataToLEDDriver  led.o
    0x08002d04   0x0000000c   Code   RO         3141    i.SysTick_Handler   stm32f0xx_it.o
    0x08002d10   0x0000009c   Code   RO         2949    i.SystemClock_Config  main.o
    0x08002dac   0x0000005c   Code   RO         2906    i.SystemInit        system_stm32f0xx.o
    0x08002e08   0x00000088   Code   RO          100    i.TIM_Base_SetConfig  stm32f0xx_hal_tim.o
    0x08002e90   0x00000016   Code   RO          107    i.TIM_ETR_SetConfig  stm32f0xx_hal_tim.o
    0x08002ea6   0x00000010   Code   RO          108    i.TIM_ITRx_SetConfig  stm32f0xx_hal_tim.o
    0x08002eb6   0x00000002   PAD
    0x08002eb8   0x00000088   Code   RO          109    i.TIM_OC1_SetConfig  stm32f0xx_hal_tim.o
    0x08002f40   0x00000080   Code   RO          110    i.TIM_OC2_SetConfig  stm32f0xx_hal_tim.o
    0x08002fc0   0x00000084   Code   RO          111    i.TIM_OC3_SetConfig  stm32f0xx_hal_tim.o
    0x08003044   0x0000006c   Code   RO          112    i.TIM_OC4_SetConfig  stm32f0xx_hal_tim.o
    0x080030b0   0x0000007a   Code   RO          113    i.TIM_SlaveTimer_SetConfig  stm32f0xx_hal_tim.o
    0x0800312a   0x00000022   Code   RO          114    i.TIM_TI1_ConfigInputStage  stm32f0xx_hal_tim.o
    0x0800314c   0x00000050   Code   RO          115    i.TIM_TI1_SetConfig  stm32f0xx_hal_tim.o
    0x0800319c   0x00000026   Code   RO          116    i.TIM_TI2_ConfigInputStage  stm32f0xx_hal_tim.o
    0x080031c2   0x00000034   Code   RO          117    i.TIM_TI2_SetConfig  stm32f0xx_hal_tim.o
    0x080031f6   0x000000ca   Code   RO         1387    i.UART_AdvFeatureConfig  stm32f0xx_hal_uart.o
    0x080032c0   0x00000012   Code   RO         1388    i.UART_CheckIdleState  stm32f0xx_hal_uart.o
    0x080032d2   0x00000002   PAD
    0x080032d4   0x00000030   Code   RO         2950    i.UART_PRINT        main.o
    0x08003304   0x00000158   Code   RO         1403    i.UART_SetConfig    stm32f0xx_hal_uart.o
    0x0800345c   0x00000062   Code   RO         1405    i.UART_WaitOnFlagUntilTimeout  stm32f0xx_hal_uart.o
    0x080034be   0x00000002   PAD
    0x080034c0   0x00000020   Code   RO         2951    i._Error_Handler    main.o
    0x080034e0   0x00000018   Code   RO         3412    i._FanConfig        fan_ctrl.o
    0x080034f8   0x0000002c   Code   RO         3507    i.__0vsnprintf      mc_p.l(printfa.o)
    0x08003524   0x0000002e   Code   RO         3571    i.__ARM_clz         mf_p.l(depilogue.o)
    0x08003552   0x0000001a   Code   RO          645    i.__ARM_common_switch8  stm32f0xx_hal_tim.o
    0x0800356c   0x0000000e   Code   RO         3575    i.__scatterload_copy  mc_p.l(handlers.o)
    0x0800357a   0x00000002   Code   RO         3576    i.__scatterload_null  mc_p.l(handlers.o)
    0x0800357c   0x0000000e   Code   RO         3577    i.__scatterload_zeroinit  mc_p.l(handlers.o)
    0x0800358a   0x00000002   PAD
    0x0800358c   0x00000174   Code   RO         3509    i._fp_digits        mc_p.l(printfa.o)
    0x08003700   0x000006ec   Code   RO         3510    i._printf_core      mc_p.l(printfa.o)
    0x08003dec   0x00000020   Code   RO         3511    i._printf_post_padding  mc_p.l(printfa.o)
    0x08003e0c   0x0000002c   Code   RO         3512    i._printf_pre_padding  mc_p.l(printfa.o)
    0x08003e38   0x00000016   Code   RO         3513    i._snputc           mc_p.l(printfa.o)
    0x08003e4e   0x00000002   PAD
    0x08003e50   0x00000700   Code   RO         2952    i.main              main.o
    0x08004550   0x000000dc   Code   RO         3468    i.step_ccw          step_ctrl.o
    0x0800462c   0x000000e0   Code   RO         3469    i.step_cw           step_ctrl.o
    0x0800470c   0x00000010   Data   RO         2907    .constdata          system_stm32f0xx.o
    0x0800471c   0x00000008   Data   RO         2908    .constdata          system_stm32f0xx.o
    0x08004724   0x0000000a   Data   RO         3207    .constdata          led.o
    0x0800472e   0x00000002   PAD
    0x08004730   0x00000020   Data   RO         3573    Region$$Table       anon$$obj.o


    Execution Region RW_IRAM1 (Base: 0x20000000, Size: 0x00000bb8, Max: 0x00008000, ABSOLUTE)

    Base Addr    Size         Type   Attr      Idx    E Section Name        Object

    0x20000000   0x00000004   Data   RW         2690    .data               stm32f0xx_hal.o
    0x20000004   0x00000004   Data   RW         2909    .data               system_stm32f0xx.o
    0x20000008   0x00000004   Data   RW         3208    .data               led.o
    0x2000000c   0x0000000c   Data   RW         3271    .data               ir.o
    0x20000018   0x00000004   Data   RW         3413    .data               fan_ctrl.o
    0x2000001c   0x000003f0   Zero   RW         2953    .bss                main.o
    0x2000040c   0x00000044   Zero   RW         2954    .bss                main.o
    0x20000450   0x00000044   Zero   RW         2955    .bss                main.o
    0x20000494   0x00000044   Zero   RW         2956    .bss                main.o
    0x200004d8   0x00000044   Zero   RW         2957    .bss                main.o
    0x2000051c   0x00000044   Zero   RW         2958    .bss                main.o
    0x20000560   0x00000258   Zero   RW         3270    .bss                ir.o
    0x200007b8   0x00000400   Zero   RW            1    STACK               startup_stm32f030xc.o


==============================================================================

Image component sizes


      Code (inc. data)   RO Data    RW Data    ZI Data      Debug   Object Name

       224         38          0          0          0       2791   comm_inout.o
       512        198          0          4          0      27069   fan_ctrl.o
       924         70          0         12        600       7837   ir.o
       224         44         10          4          0       4253   led.o
      3332        942          0          0       1348      13635   main.o
        28          8        184          0       1024        620   startup_stm32f030xc.o
       444         20          0          0          0       1225   step_ctrl.o
       122         18          0          4          0       3559   stm32f0xx_hal.o
       868         44          0          0          0       4087   stm32f0xx_hal_adc.o
       176          0          0          0          0       1366   stm32f0xx_hal_adc_ex.o
       198         34          0          0          0      11041   stm32f0xx_hal_cortex.o
        92          0          0          0          0       1071   stm32f0xx_hal_crc.o
         4          0          0          0          0        897   stm32f0xx_hal_crc_ex.o
       346         14          0          0          0       3109   stm32f0xx_hal_dma.o
       552         46          0          0          0       3046   stm32f0xx_hal_gpio.o
      1168        200          0          0          0       5328   stm32f0xx_hal_msp.o
      1316         94          0          0          0       4897   stm32f0xx_hal_rcc.o
       232         14          0          0          0       1344   stm32f0xx_hal_rcc_ex.o
      1984        118          0          0          0     307583   stm32f0xx_hal_tim.o
        72          0          0          0          0       1248   stm32f0xx_hal_tim_ex.o
      1140         40          0          0          0       7053   stm32f0xx_hal_uart.o
        84         22          0          0          0       3416   stm32f0xx_it.o
        92         14         24          4          0       1111   system_stm32f0xx.o
        48          8          0          0          0        518   temperature.o

    ----------------------------------------------------------------------
     14198       1986        252         28       2972     418104   Object Totals
         0          0         32          0          0          0   (incl. Generated)
        16          0          2          0          0          0   (incl. Padding)

    ----------------------------------------------------------------------

      Code (inc. data)   RO Data    RW Data    ZI Data      Debug   Library Member Name

         0          0          0          0          0          0   entry.o
         0          0          0          0          0          0   entry10a.o
         0          0          0          0          0          0   entry11a.o
         8          4          0          0          0          0   entry2.o
         4          0          0          0          0          0   entry5.o
         0          0          0          0          0          0   entry7b.o
         0          0          0          0          0          0   entry8b.o
         8          4          0          0          0          0   entry9a.o
        30          0          0          0          0          0   handlers.o
        40          0          0          0          0         72   idiv.o
        36          8          0          0          0         68   init.o
         0          0          0          0          0          0   iusefp.o
        32          0          0          0          0         68   llshl.o
        38          0          0          0          0         68   llsshr.o
        34          0          0          0          0         68   llushr.o
      2286         94          0          0          0        460   printfa.o
        44          0          0          0          0         72   uidiv.o
        96          0          0          0          0         84   uldiv.o
        40          2          0          0          0         68   cdrcmple.o
       356          4          0          0          0        140   dadd.o
       240          6          0          0          0         84   ddiv.o
       236          0          0          0          0        216   depilogue.o
        64         10          0          0          0         68   dfixul.o
       208          6          0          0          0         88   dmul.o

    ----------------------------------------------------------------------
      3806        138          0          0          0       1624   Library Totals
         6          0          0          0          0          0   (incl. Padding)

    ----------------------------------------------------------------------

      Code (inc. data)   RO Data    RW Data    ZI Data      Debug   Library Name

      2656        110          0          0          0        960   mc_p.l
      1144         28          0          0          0        664   mf_p.l

    ----------------------------------------------------------------------
      3806        138          0          0          0       1624   Library Totals

    ----------------------------------------------------------------------

==============================================================================


      Code (inc. data)   RO Data    RW Data    ZI Data      Debug   

     18004       2124        252         28       2972     414196   Grand Totals
     18004       2124        252         28       2972     414196   ELF Image Totals
     18004       2124        252         28          0          0   ROM Totals

==============================================================================

    Total RO  Size (Code + RO Data)                18256 (  17.83kB)
    Total RW  Size (RW Data + ZI Data)              3000 (   2.93kB)
    Total ROM Size (Code + RO Data + RW Data)      18284 (  17.86kB)

==============================================================================

