<html>
<body>
<pre>
<h1>µVision Build Log</h1>
<h2>Tool Versions:</h2>
IDE-Version: £gVision V5.22.0.0
Copyright (C) 2016 ARM Ltd and ARM Germany GmbH. All rights reserved.
License Information: user user, user, LIC=FQQ9U-SZ1CS-BVW1G-VC06T-8LH28-52CFS
 
Tool Versions:
Toolchain:       MDK-ARM Professional  Version: 5.22
Toolchain Path:  C:\Keil_v5\ARM\ARMCC\Bin
C Compiler:      Armcc.exe V5.06 update 4 (build 422)
Assembler:       Armasm.exe V5.06 update 4 (build 422)
Linker/Locator:  ArmLink.exe V5.06 update 4 (build 422)
Library Manager: ArmAr.exe V5.06 update 4 (build 422)
Hex Converter:   FromElf.exe V5.06 update 4 (build 422)
CPU DLL:         SARMCM3.DLL V5.22
Dialog DLL:      DARMCM1.DLL V1.15.0.0
Target DLL:      STLink\ST-LINKIII-KEIL_SWO.dll V2.0.18.0
Dialog DLL:      TARMCM1.DLL V1.11.0.0
 
<h2>Project:</h2>
D:\FW\Indoor\Indoor_F030RC_20180817_fan_slow\MDK-ARM\Indoor_F030RC_Peripheral_Check_0.uvprojx
Project File Date:  06/13/2018

<h2>Output:</h2>
*** Using Compiler 'V5.06 update 4 (build 422)', folder: 'C:\Keil_v5\ARM\ARMCC\Bin'
Rebuild target 'Indoor_F030RC_Peripheral_Check_0'
assembling startup_stm32f030xc.s...
compiling stm32f0xx_hal_pwr_ex.c...
compiling stm32f0xx_hal_dma.c...
compiling stm32f0xx_hal_rcc_ex.c...
compiling stm32f0xx_hal_cortex.c...
compiling stm32f0xx_hal_flash_ex.c...
compiling stm32f0xx_hal_adc.c...
compiling stm32f0xx_hal_tim.c...
compiling stm32f0xx_hal_flash.c...
compiling stm32f0xx_hal_pwr.c...
compiling stm32f0xx_hal_gpio.c...
compiling stm32f0xx_hal_rcc.c...
compiling stm32f0xx_hal_uart.c...
compiling stm32f0xx_hal_i2c.c...
compiling stm32f0xx_hal_adc_ex.c...
compiling stm32f0xx_hal_i2c_ex.c...
compiling stm32f0xx_hal_uart_ex.c...
compiling stm32f0xx_hal_tim_ex.c...
compiling stm32f0xx_hal.c...
compiling stm32f0xx_hal_crc.c...
compiling stm32f0xx_hal_crc_ex.c...
compiling system_stm32f0xx.c...
compiling main.c...
../Src/main.c(122): warning:  #177-D: variable "pstCommRxData"  was declared but never referenced
      ST_COMMIO_DATA *pstCommRxData;
../Src/main.c: 1 warning, 0 errors
compiling stm32f0xx_hal_msp.c...
compiling stm32f0xx_it.c...
compiling led.c...
compiling ir.c...
compiling temperature.c...
compiling comm_inout.c...
compiling fan_ctrl.c...
compiling step_ctrl.c...
linking...
Program Size: Code=18004 RO-data=252 RW-data=28 ZI-data=2972  
FromELF: creating hex file...
"Indoor_F030RC_Peripheral_Check_0\Indoor_F030RC_Peripheral_Check_0.axf" - 0 Error(s), 1 Warning(s).

<h2>Software Packages used:</h2>

Package Vendor: ARM
                http://www.keil.com/pack/ARM.CMSIS.5.0.0.pack
                ARM::CMSIS:CORE:5.0.0
                CMSIS (Cortex Microcontroller Software Interface Standard)
   * Component: CORE Version: 5.0.0

<h2>Collection of Component include folders:</h2>
  D:\FW\Indoor\Indoor_F030RC_20180817_fan_slow\MDK-ARM\RTE\_Indoor_F030RC_Peripheral_Check_0
  C:\Keil_v5\ARM\PACK\ARM\CMSIS\5.0.0\CMSIS\Include

<h2>Collection of Component Files used:</h2>

   * Component: ARM::CMSIS:CORE:5.0.0
Build Time Elapsed:  00:00:05
</pre>
</body>
</html>
